Traceback (most recent call last):
  File "C:\Users\sangouda\python_apps\Lib\site-packages\jupyter_cache\executors\utils.py", line 58, in single_nb_execution
    executenb(
  File "C:\Users\sangouda\python_apps\Lib\site-packages\nbclient\client.py", line 1319, in execute
    return NotebookClient(nb=nb, resources=resources, km=km, **kwargs).execute()
           ^^^^^^^^^^^^^^^^^^^^^^^^^^^^^^^^^^^^^^^^^^^^^^^^^^^^^^^^^^^^^^^^^^^^^
  File "C:\Users\sangouda\python_apps\Lib\site-packages\jupyter_core\utils\__init__.py", line 165, in wrapped
    return loop.run_until_complete(inner)
           ^^^^^^^^^^^^^^^^^^^^^^^^^^^^^^
  File "C:\Users\sangouda\python_apps\Lib\asyncio\base_events.py", line 691, in run_until_complete
    return future.result()
           ^^^^^^^^^^^^^^^
  File "C:\Users\sangouda\python_apps\Lib\site-packages\nbclient\client.py", line 709, in async_execute
    await self.async_execute_cell(
  File "C:\Users\sangouda\python_apps\Lib\site-packages\nbclient\client.py", line 1062, in async_execute_cell
    await self._check_raise_for_error(cell, cell_index, exec_reply)
  File "C:\Users\sangouda\python_apps\Lib\site-packages\nbclient\client.py", line 918, in _check_raise_for_error
    raise CellExecutionError.from_cell_and_msg(cell, exec_reply_content)
nbclient.exceptions.CellExecutionError: An error occurred while executing the following cell:
------------------
import numpy as np
import matplotlib.pyplot as plt
import sklearn
import sklearn.datasets
from public_tests import *
from init_utils import sigmoid, relu, compute_loss, forward_propagation, backward_propagation
from init_utils import update_parameters, predict, load_dataset, plot_decision_boundary, predict_dec

%matplotlib inline
plt.rcParams['figure.figsize'] = (7.0, 4.0) # set default size of plots
plt.rcParams['image.interpolation'] = 'nearest'
plt.rcParams['image.cmap'] = 'gray'

%load_ext autoreload
%autoreload 2

# load image dataset: blue/red dots in circles
# train_X, train_Y, test_X, test_Y = load_dataset()
------------------


[31m---------------------------------------------------------------------------[39m
[31mModuleNotFoundError[39m                       Traceback (most recent call last)
[36mCell[39m[36m [39m[32mIn[2][39m[32m, line 5[39m
[32m      3[39m [38;5;28;01mimport[39;00m[38;5;250m [39m[34;01msklearn[39;00m
[32m      4[39m [38;5;28;01mimport[39;00m[38;5;250m [39m[34;01msklearn[39;00m[34;01m.[39;00m[34;01mdatasets[39;00m
[32m----> [39m[32m5[39m [38;5;28;01mfrom[39;00m[38;5;250m [39m[34;01mpublic_tests[39;00m[38;5;250m [39m[38;5;28;01mimport[39;00m *
[32m      6[39m [38;5;28;01mfrom[39;00m[38;5;250m [39m[34;01minit_utils[39;00m[38;5;250m [39m[38;5;28;01mimport[39;00m sigmoid, relu, compute_loss, forward_propagation, backward_propagation
[32m      7[39m [38;5;28;01mfrom[39;00m[38;5;250m [39m[34;01minit_utils[39;00m[38;5;250m [39m[38;5;28;01mimport[39;00m update_parameters, predict, load_dataset, plot_decision_boundary, predict_dec

[36mFile [39m[32mC:\Github\Coursera_Materials\coursera_notes\DLS\C2_W1\Files (22)\Files\W1A1\public_tests.py:2[39m
[32m      1[39m [38;5;28;01mimport[39;00m[38;5;250m [39m[34;01mnumpy[39;00m[38;5;250m [39m[38;5;28;01mas[39;00m[38;5;250m [39m[34;01mnp[39;00m
[32m----> [39m[32m2[39m [38;5;28;01mfrom[39;00m[38;5;250m [39m[34;01mdlai_tools[39;00m[34;01m.[39;00m[34;01mtesting_utils[39;00m[38;5;250m [39m[38;5;28;01mimport[39;00m single_test, multiple_test
[32m      5[39m [38;5;28;01mdef[39;00m[38;5;250m [39m[34minitialize_parameters_zeros_test[39m(target):
[32m      6[39m     layer_dims = [[32m3[39m,[32m2[39m,[32m1[39m]

[31mModuleNotFoundError[39m: No module named 'dlai_tools'

