Traceback (most recent call last):
  File "C:\Users\sangouda\Python\Lib\site-packages\jupyter_core\utils\__init__.py", line 154, in wrapped
    asyncio.get_running_loop()
RuntimeError: no running event loop

During handling of the above exception, another exception occurred:

Traceback (most recent call last):
  File "C:\Users\sangouda\Python\Lib\site-packages\jupyter_cache\executors\utils.py", line 58, in single_nb_execution
    executenb(
  File "C:\Users\sangouda\Python\Lib\site-packages\nbclient\client.py", line 1319, in execute
    return NotebookClient(nb=nb, resources=resources, km=km, **kwargs).execute()
           ^^^^^^^^^^^^^^^^^^^^^^^^^^^^^^^^^^^^^^^^^^^^^^^^^^^^^^^^^^^^^^^^^^^^^
  File "C:\Users\sangouda\Python\Lib\site-packages\jupyter_core\utils\__init__.py", line 158, in wrapped
    return loop.run_until_complete(inner)
           ^^^^^^^^^^^^^^^^^^^^^^^^^^^^^^
  File "C:\Users\sangouda\Python\Lib\asyncio\base_events.py", line 654, in run_until_complete
    return future.result()
           ^^^^^^^^^^^^^^^
  File "C:\Users\sangouda\Python\Lib\site-packages\nbclient\client.py", line 709, in async_execute
    await self.async_execute_cell(
  File "C:\Users\sangouda\Python\Lib\site-packages\nbclient\client.py", line 1062, in async_execute_cell
    await self._check_raise_for_error(cell, cell_index, exec_reply)
  File "C:\Users\sangouda\Python\Lib\site-packages\nbclient\client.py", line 918, in _check_raise_for_error
    raise CellExecutionError.from_cell_and_msg(cell, exec_reply_content)
nbclient.exceptions.CellExecutionError: An error occurred while executing the following cell:
------------------
with open("./data/en_US.twitter.txt", "r") as f:
    data = f.read()
print("Data type:", type(data))
print("Number of letters:", len(data))
print("First 300 letters of the data")
print("-------")
display(data[0:300])
print("-------")

print("Last 300 letters of the data")
print("-------")
display(data[-300:])
print("-------")
------------------


[31m---------------------------------------------------------------------------[39m
[31mUnicodeDecodeError[39m                        Traceback (most recent call last)
[36mCell[39m[36m [39m[32mIn[2][39m[32m, line 2[39m
[32m      1[39m [38;5;28;01mwith[39;00m [38;5;28mopen[39m([33m"[39m[33m./data/en_US.twitter.txt[39m[33m"[39m, [33m"[39m[33mr[39m[33m"[39m) [38;5;28;01mas[39;00m f:
[32m----> [39m[32m2[39m     data = [43mf[49m[43m.[49m[43mread[49m[43m([49m[43m)[49m
[32m      3[39m [38;5;28mprint[39m([33m"[39m[33mData type:[39m[33m"[39m, [38;5;28mtype[39m(data))
[32m      4[39m [38;5;28mprint[39m([33m"[39m[33mNumber of letters:[39m[33m"[39m, [38;5;28mlen[39m(data))

[36mFile [39m[32m~\Python\Lib\encodings\cp1252.py:23[39m, in [36mIncrementalDecoder.decode[39m[34m(self, input, final)[39m
[32m     22[39m [38;5;28;01mdef[39;00m[38;5;250m [39m[34mdecode[39m([38;5;28mself[39m, [38;5;28minput[39m, final=[38;5;28;01mFalse[39;00m):
[32m---> [39m[32m23[39m     [38;5;28;01mreturn[39;00m codecs.charmap_decode([38;5;28minput[39m,[38;5;28mself[39m.errors,decoding_table)[[32m0[39m]

[31mUnicodeDecodeError[39m: 'charmap' codec can't decode byte 0x9d in position 1457: character maps to <undefined>

