Traceback (most recent call last):
  File "C:\Users\sangouda\python_apps\Lib\site-packages\jupyter_cache\executors\utils.py", line 58, in single_nb_execution
    executenb(
  File "C:\Users\sangouda\python_apps\Lib\site-packages\nbclient\client.py", line 1319, in execute
    return NotebookClient(nb=nb, resources=resources, km=km, **kwargs).execute()
           ^^^^^^^^^^^^^^^^^^^^^^^^^^^^^^^^^^^^^^^^^^^^^^^^^^^^^^^^^^^^^^^^^^^^^
  File "C:\Users\sangouda\python_apps\Lib\site-packages\jupyter_core\utils\__init__.py", line 165, in wrapped
    return loop.run_until_complete(inner)
           ^^^^^^^^^^^^^^^^^^^^^^^^^^^^^^
  File "C:\Users\sangouda\python_apps\Lib\asyncio\base_events.py", line 691, in run_until_complete
    return future.result()
           ^^^^^^^^^^^^^^^
  File "C:\Users\sangouda\python_apps\Lib\site-packages\nbclient\client.py", line 709, in async_execute
    await self.async_execute_cell(
  File "C:\Users\sangouda\python_apps\Lib\site-packages\nbclient\client.py", line 1062, in async_execute_cell
    await self._check_raise_for_error(cell, cell_index, exec_reply)
  File "C:\Users\sangouda\python_apps\Lib\site-packages\nbclient\client.py", line 918, in _check_raise_for_error
    raise CellExecutionError.from_cell_and_msg(cell, exec_reply_content)
nbclient.exceptions.CellExecutionError: An error occurred while executing the following cell:
------------------
# Reshape the training and test examples
#(≈ 2 lines of code)
# train_set_x_flatten = ...
# test_set_x_flatten = ...
# YOUR CODE STARTS HERE

train_set_x_flatten = train_set_x_orig.reshape(train_set_x_orig.shape[0], -1).T
test_set_x_flatten = test_set_x_orig.reshape(test_set_x_orig.shape[0], -1).T

# YOUR CODE ENDS HERE

# Check that the first 10 pixels of the second image are in the correct place
assert np.alltrue(train_set_x_flatten[0:10, 1] == [196, 192, 190, 193, 186, 182, 188, 179, 174, 213]), "Wrong solution. Use (X.shape[0], -1).T."
assert np.alltrue(test_set_x_flatten[0:10, 1] == [115, 110, 111, 137, 129, 129, 155, 146, 145, 159]), "Wrong solution. Use (X.shape[0], -1).T."

print ("train_set_x_flatten shape: " + str(train_set_x_flatten.shape))
print ("train_set_y shape: " + str(train_set_y.shape))
print ("test_set_x_flatten shape: " + str(test_set_x_flatten.shape))
print ("test_set_y shape: " + str(test_set_y.shape))
------------------


[31m---------------------------------------------------------------------------[39m
[31mAttributeError[39m                            Traceback (most recent call last)
[36mCell[39m[36m [39m[32mIn[6][39m[32m, line 13[39m
[32m      8[39m test_set_x_flatten = test_set_x_orig.reshape(test_set_x_orig.shape[[32m0[39m], -[32m1[39m).T
[32m     10[39m [38;5;66;03m# YOUR CODE ENDS HERE[39;00m
[32m     11[39m 
[32m     12[39m [38;5;66;03m# Check that the first 10 pixels of the second image are in the correct place[39;00m
[32m---> [39m[32m13[39m [38;5;28;01massert[39;00m [43mnp[49m[43m.[49m[43malltrue[49m(train_set_x_flatten[[32m0[39m:[32m10[39m, [32m1[39m] == [[32m196[39m, [32m192[39m, [32m190[39m, [32m193[39m, [32m186[39m, [32m182[39m, [32m188[39m, [32m179[39m, [32m174[39m, [32m213[39m]), [33m"[39m[33mWrong solution. Use (X.shape[0], -1).T.[39m[33m"[39m
[32m     14[39m [38;5;28;01massert[39;00m np.alltrue(test_set_x_flatten[[32m0[39m:[32m10[39m, [32m1[39m] == [[32m115[39m, [32m110[39m, [32m111[39m, [32m137[39m, [32m129[39m, [32m129[39m, [32m155[39m, [32m146[39m, [32m145[39m, [32m159[39m]), [33m"[39m[33mWrong solution. Use (X.shape[0], -1).T.[39m[33m"[39m
[32m     16[39m [38;5;28mprint[39m ([33m"[39m[33mtrain_set_x_flatten shape: [39m[33m"[39m + [38;5;28mstr[39m(train_set_x_flatten.shape))

[36mFile [39m[32m~\python_apps\Lib\site-packages\numpy\__init__.py:794[39m, in [36m__getattr__[39m[34m(attr)[39m
[32m    791[39m     [38;5;28;01mraise[39;00m [38;5;167;01mAttributeError[39;00m(__former_attrs__[attr], name=[38;5;28;01mNone[39;00m)
[32m    793[39m [38;5;28;01mif[39;00m attr [38;5;129;01min[39;00m __expired_attributes__:
[32m--> [39m[32m794[39m     [38;5;28;01mraise[39;00m [38;5;167;01mAttributeError[39;00m(
[32m    795[39m         [33mf[39m[33m"[39m[33m`np.[39m[38;5;132;01m{[39;00mattr[38;5;132;01m}[39;00m[33m` was removed in the NumPy 2.0 release. [39m[33m"[39m
[32m    796[39m         [33mf[39m[33m"[39m[38;5;132;01m{[39;00m__expired_attributes__[attr][38;5;132;01m}[39;00m[33m"[39m,
[32m    797[39m         name=[38;5;28;01mNone[39;00m
[32m    798[39m     )
[32m    800[39m [38;5;28;01mif[39;00m attr == [33m"[39m[33mchararray[39m[33m"[39m:
[32m    801[39m     warnings.warn(
[32m    802[39m         [33m"[39m[33m`np.chararray` is deprecated and will be removed from [39m[33m"[39m
[32m    803[39m         [33m"[39m[33mthe main namespace in the future. Use an array with a string [39m[33m"[39m
[32m    804[39m         [33m"[39m[33mor bytes dtype instead.[39m[33m"[39m, [38;5;167;01mDeprecationWarning[39;00m, stacklevel=[32m2[39m)

[31mAttributeError[39m: `np.alltrue` was removed in the NumPy 2.0 release. Use `np.all` instead.

