Traceback (most recent call last):
  File "C:\Users\sangouda\Python\Lib\site-packages\jupyter_core\utils\__init__.py", line 154, in wrapped
    asyncio.get_running_loop()
RuntimeError: no running event loop

During handling of the above exception, another exception occurred:

Traceback (most recent call last):
  File "C:\Users\sangouda\Python\Lib\site-packages\jupyter_cache\executors\utils.py", line 58, in single_nb_execution
    executenb(
  File "C:\Users\sangouda\Python\Lib\site-packages\nbclient\client.py", line 1319, in execute
    return NotebookClient(nb=nb, resources=resources, km=km, **kwargs).execute()
           ^^^^^^^^^^^^^^^^^^^^^^^^^^^^^^^^^^^^^^^^^^^^^^^^^^^^^^^^^^^^^^^^^^^^^
  File "C:\Users\sangouda\Python\Lib\site-packages\jupyter_core\utils\__init__.py", line 158, in wrapped
    return loop.run_until_complete(inner)
           ^^^^^^^^^^^^^^^^^^^^^^^^^^^^^^
  File "C:\Users\sangouda\Python\Lib\asyncio\base_events.py", line 654, in run_until_complete
    return future.result()
           ^^^^^^^^^^^^^^^
  File "C:\Users\sangouda\Python\Lib\site-packages\nbclient\client.py", line 709, in async_execute
    await self.async_execute_cell(
  File "C:\Users\sangouda\Python\Lib\site-packages\nbclient\client.py", line 1062, in async_execute_cell
    await self._check_raise_for_error(cell, cell_index, exec_reply)
  File "C:\Users\sangouda\Python\Lib\site-packages\nbclient\client.py", line 918, in _check_raise_for_error
    raise CellExecutionError.from_cell_and_msg(cell, exec_reply_content)
nbclient.exceptions.CellExecutionError: An error occurred while executing the following cell:
------------------
train_sentences = load_data('data/large/train/sentences.txt')
train_labels = load_data('data/large/train/labels.txt')

val_sentences = load_data('data/large/val/sentences.txt')
val_labels = load_data('data/large/val/labels.txt')

test_sentences = load_data('data/large/test/sentences.txt')
test_labels = load_data('data/large/test/labels.txt')
------------------


[31m---------------------------------------------------------------------------[39m
[31mUnicodeDecodeError[39m                        Traceback (most recent call last)
[36mCell[39m[36m [39m[32mIn[5][39m[32m, line 1[39m
[32m----> [39m[32m1[39m train_sentences = [43mload_data[49m[43m([49m[33;43m'[39;49m[33;43mdata/large/train/sentences.txt[39;49m[33;43m'[39;49m[43m)[49m
[32m      2[39m train_labels = load_data([33m'[39m[33mdata/large/train/labels.txt[39m[33m'[39m)
[32m      4[39m val_sentences = load_data([33m'[39m[33mdata/large/val/sentences.txt[39m[33m'[39m)

[36mCell[39m[36m [39m[32mIn[4][39m[32m, line 3[39m, in [36mload_data[39m[34m(file_path)[39m
[32m      1[39m [38;5;28;01mdef[39;00m[38;5;250m [39m[34mload_data[39m(file_path):
[32m      2[39m     [38;5;28;01mwith[39;00m [38;5;28mopen[39m(file_path,[33m'[39m[33mr[39m[33m'[39m) [38;5;28;01mas[39;00m file:
[32m----> [39m[32m3[39m         data = np.array([line.strip() [38;5;28;01mfor[39;00m line [38;5;129;01min[39;00m [43mfile[49m[43m.[49m[43mreadlines[49m[43m([49m[43m)[49m])
[32m      4[39m     [38;5;28;01mreturn[39;00m data

[36mFile [39m[32m~\Python\Lib\encodings\cp1252.py:23[39m, in [36mIncrementalDecoder.decode[39m[34m(self, input, final)[39m
[32m     22[39m [38;5;28;01mdef[39;00m[38;5;250m [39m[34mdecode[39m([38;5;28mself[39m, [38;5;28minput[39m, final=[38;5;28;01mFalse[39;00m):
[32m---> [39m[32m23[39m     [38;5;28;01mreturn[39;00m codecs.charmap_decode([38;5;28minput[39m,[38;5;28mself[39m.errors,decoding_table)[[32m0[39m]

[31mUnicodeDecodeError[39m: 'charmap' codec can't decode byte 0x9d in position 4593: character maps to <undefined>

