Traceback (most recent call last):
  File "C:\Users\sangouda\AppData\Local\anaconda3\envs\myenv\lib\site-packages\jupyter_cache\executors\utils.py", line 58, in single_nb_execution
    executenb(
  File "C:\Users\sangouda\AppData\Local\anaconda3\envs\myenv\lib\site-packages\nbclient\client.py", line 1319, in execute
    return NotebookClient(nb=nb, resources=resources, km=km, **kwargs).execute()
  File "C:\Users\sangouda\AppData\Local\anaconda3\envs\myenv\lib\site-packages\jupyter_core\utils\__init__.py", line 165, in wrapped
    return loop.run_until_complete(inner)
  File "C:\Users\sangouda\AppData\Local\anaconda3\envs\myenv\lib\asyncio\base_events.py", line 649, in run_until_complete
    return future.result()
  File "C:\Users\sangouda\AppData\Local\anaconda3\envs\myenv\lib\site-packages\nbclient\client.py", line 709, in async_execute
    await self.async_execute_cell(
  File "C:\Users\sangouda\AppData\Local\anaconda3\envs\myenv\lib\site-packages\nbclient\client.py", line 1062, in async_execute_cell
    await self._check_raise_for_error(cell, cell_index, exec_reply)
  File "C:\Users\sangouda\AppData\Local\anaconda3\envs\myenv\lib\site-packages\nbclient\client.py", line 918, in _check_raise_for_error
    raise CellExecutionError.from_cell_and_msg(cell, exec_reply_content)
nbclient.exceptions.CellExecutionError: An error occurred while executing the following cell:
------------------
# (≈ 3 lines of code)
# shape_X = ...
# shape_Y = ...
# training set size
# m = ...
# YOUR CODE STARTS HERE


# YOUR CODE ENDS HERE

print ('The shape of X is: ' + str(shape_X))
print ('The shape of Y is: ' + str(shape_Y))
print ('I have m = %d training examples!' % (m))
------------------


[1;31m---------------------------------------------------------------------------[0m
[1;31mNameError[0m                                 Traceback (most recent call last)
Cell [1;32mIn[5], line 11[0m
[0;32m      1[0m [38;5;66;03m# (≈ 3 lines of code)[39;00m
[0;32m      2[0m [38;5;66;03m# shape_X = ...[39;00m
[0;32m      3[0m [38;5;66;03m# shape_Y = ...[39;00m
[1;32m   (...)[0m
[0;32m      8[0m 
[0;32m      9[0m [38;5;66;03m# YOUR CODE ENDS HERE[39;00m
[1;32m---> 11[0m [38;5;28mprint[39m ([38;5;124m'[39m[38;5;124mThe shape of X is: [39m[38;5;124m'[39m [38;5;241m+[39m [38;5;28mstr[39m([43mshape_X[49m))
[0;32m     12[0m [38;5;28mprint[39m ([38;5;124m'[39m[38;5;124mThe shape of Y is: [39m[38;5;124m'[39m [38;5;241m+[39m [38;5;28mstr[39m(shape_Y))
[0;32m     13[0m [38;5;28mprint[39m ([38;5;124m'[39m[38;5;124mI have m = [39m[38;5;132;01m%d[39;00m[38;5;124m training examples![39m[38;5;124m'[39m [38;5;241m%[39m (m))

[1;31mNameError[0m: name 'shape_X' is not defined

