Traceback (most recent call last):
  File "C:\Users\sangouda\Python\Lib\site-packages\jupyter_core\utils\__init__.py", line 154, in wrapped
    asyncio.get_running_loop()
RuntimeError: no running event loop

During handling of the above exception, another exception occurred:

Traceback (most recent call last):
  File "C:\Users\sangouda\Python\Lib\site-packages\jupyter_cache\executors\utils.py", line 58, in single_nb_execution
    executenb(
  File "C:\Users\sangouda\Python\Lib\site-packages\nbclient\client.py", line 1319, in execute
    return NotebookClient(nb=nb, resources=resources, km=km, **kwargs).execute()
           ^^^^^^^^^^^^^^^^^^^^^^^^^^^^^^^^^^^^^^^^^^^^^^^^^^^^^^^^^^^^^^^^^^^^^
  File "C:\Users\sangouda\Python\Lib\site-packages\jupyter_core\utils\__init__.py", line 158, in wrapped
    return loop.run_until_complete(inner)
           ^^^^^^^^^^^^^^^^^^^^^^^^^^^^^^
  File "C:\Users\sangouda\Python\Lib\asyncio\base_events.py", line 654, in run_until_complete
    return future.result()
           ^^^^^^^^^^^^^^^
  File "C:\Users\sangouda\Python\Lib\site-packages\nbclient\client.py", line 709, in async_execute
    await self.async_execute_cell(
  File "C:\Users\sangouda\Python\Lib\site-packages\nbclient\client.py", line 1062, in async_execute_cell
    await self._check_raise_for_error(cell, cell_index, exec_reply)
  File "C:\Users\sangouda\Python\Lib\site-packages\nbclient\client.py", line 918, in _check_raise_for_error
    raise CellExecutionError.from_cell_and_msg(cell, exec_reply_content)
nbclient.exceptions.CellExecutionError: An error occurred while executing the following cell:
------------------
xgb_model = XGBClassifier(n_estimators = 500, learning_rate = 0.1,verbosity = 1, random_state = RANDOM_STATE)
xgb_model.fit(X_train_fit,y_train_fit, eval_set = [(X_train_eval,y_train_eval)], early_stopping_rounds = 10)
------------------


[31m-------------------------------------------------------------------------[39m
[31mTypeError[39m                               Traceback (most recent call last)
[36mCell[39m[36m [39m[32mIn[25][39m[32m, line 2[39m
[32m      1[39m xgb_model = XGBClassifier(n_estimators = [32m500[39m, learning_rate = [32m0.1[39m,verbosity = [32m1[39m, random_state = RANDOM_STATE)
[32m----> [39m[32m2[39m [43mxgb_model[49m[43m.[49m[43mfit[49m[43m([49m[43mX_train_fit[49m[43m,[49m[43my_train_fit[49m[43m,[49m[43m [49m[43meval_set[49m[43m [49m[43m=[49m[43m [49m[43m[[49m[43m([49m[43mX_train_eval[49m[43m,[49m[43my_train_eval[49m[43m)[49m[43m][49m[43m,[49m[43m [49m[43mearly_stopping_rounds[49m[43m [49m[43m=[49m[43m [49m[32;43m10[39;49m[43m)[49m

[36mFile [39m[32m~\Python\Lib\site-packages\xgboost\core.py:729[39m, in [36mrequire_keyword_args.<locals>.throw_if.<locals>.inner_f[39m[34m(*args, **kwargs)[39m
[32m    727[39m [38;5;28;01mfor[39;00m k, arg [38;5;129;01min[39;00m [38;5;28mzip[39m(sig.parameters, args):
[32m    728[39m     kwargs[k] = arg
[32m--> [39m[32m729[39m [38;5;28;01mreturn[39;00m [43mfunc[49m[43m([49m[43m*[49m[43m*[49m[43mkwargs[49m[43m)[49m

[31mTypeError[39m: XGBClassifier.fit() got an unexpected keyword argument 'early_stopping_rounds'

