Traceback (most recent call last):
  File "C:\Users\sangouda\Python\Lib\site-packages\jupyter_core\utils\__init__.py", line 154, in wrapped
    asyncio.get_running_loop()
RuntimeError: no running event loop

During handling of the above exception, another exception occurred:

Traceback (most recent call last):
  File "C:\Users\sangouda\Python\Lib\site-packages\jupyter_cache\executors\utils.py", line 58, in single_nb_execution
    executenb(
  File "C:\Users\sangouda\Python\Lib\site-packages\nbclient\client.py", line 1319, in execute
    return NotebookClient(nb=nb, resources=resources, km=km, **kwargs).execute()
           ^^^^^^^^^^^^^^^^^^^^^^^^^^^^^^^^^^^^^^^^^^^^^^^^^^^^^^^^^^^^^^^^^^^^^
  File "C:\Users\sangouda\Python\Lib\site-packages\jupyter_core\utils\__init__.py", line 158, in wrapped
    return loop.run_until_complete(inner)
           ^^^^^^^^^^^^^^^^^^^^^^^^^^^^^^
  File "C:\Users\sangouda\Python\Lib\asyncio\base_events.py", line 654, in run_until_complete
    return future.result()
           ^^^^^^^^^^^^^^^
  File "C:\Users\sangouda\Python\Lib\site-packages\nbclient\client.py", line 709, in async_execute
    await self.async_execute_cell(
  File "C:\Users\sangouda\Python\Lib\site-packages\nbclient\client.py", line 1062, in async_execute_cell
    await self._check_raise_for_error(cell, cell_index, exec_reply)
  File "C:\Users\sangouda\Python\Lib\site-packages\nbclient\client.py", line 918, in _check_raise_for_error
    raise CellExecutionError.from_cell_and_msg(cell, exec_reply_content)
nbclient.exceptions.CellExecutionError: An error occurred while executing the following cell:
------------------
# Compute entropy at the root node (i.e. with all examples)
# Since we have 5 edible and 5 non-edible mushrooms, the entropy should be 1"

print("Entropy at root node: ", compute_entropy(y_train)) 

# UNIT TESTS
compute_entropy_test(compute_entropy)
------------------

----- stdout -----
Entropy at root node:  0.0
------------------

[31m---------------------------------------------------------------------------[39m
[31mAssertionError[39m                            Traceback (most recent call last)
[36mCell[39m[36m [39m[32mIn[7][39m[32m, line 7[39m
[32m      4[39m [38;5;28mprint[39m([33m"[39m[33mEntropy at root node: [39m[33m"[39m, compute_entropy(y_train)) 
[32m      6[39m [38;5;66;03m# UNIT TESTS[39;00m
[32m----> [39m[32m7[39m [43mcompute_entropy_test[49m[43m([49m[43mcompute_entropy[49m[43m)[49m

[36mFile [39m[32mC:\Github\Coursera_Materials\coursera_notes\MLS\C2_W4\public_tests.py:17[39m, in [36mcompute_entropy_test[39m[34m(target)[39m
[32m     14[39m y = np.array([[32m0[39m] * [32m12[39m + [[32m1[39m] * [32m12[39m)
[32m     15[39m result = target(y)
[32m---> [39m[32m17[39m [38;5;28;01massert[39;00m result == [32m1[39m, [33m"[39m[33mEntropy must be 1 with same ammount of ones and zeros[39m[33m"[39m
[32m     19[39m y = np.array([[32m1[39m, [32m0[39m, [32m1[39m, [32m0[39m, [32m1[39m, [32m1[39m, [32m1[39m, [32m0[39m, [32m1[39m])
[32m     20[39m [38;5;28;01massert[39;00m np.isclose(target(y), [32m0.918295[39m, atol=[32m1e-6[39m), [33m"[39m[33mWrong value. Something between 0 and 1[39m[33m"[39m

[31mAssertionError[39m: Entropy must be 1 with same ammount of ones and zeros

