Traceback (most recent call last):
  File "C:\Users\sangouda\python_apps\Lib\site-packages\jupyter_cache\executors\utils.py", line 58, in single_nb_execution
    executenb(
  File "C:\Users\sangouda\python_apps\Lib\site-packages\nbclient\client.py", line 1319, in execute
    return NotebookClient(nb=nb, resources=resources, km=km, **kwargs).execute()
           ^^^^^^^^^^^^^^^^^^^^^^^^^^^^^^^^^^^^^^^^^^^^^^^^^^^^^^^^^^^^^^^^^^^^^
  File "C:\Users\sangouda\python_apps\Lib\site-packages\jupyter_core\utils\__init__.py", line 165, in wrapped
    return loop.run_until_complete(inner)
           ^^^^^^^^^^^^^^^^^^^^^^^^^^^^^^
  File "C:\Users\sangouda\python_apps\Lib\asyncio\base_events.py", line 691, in run_until_complete
    return future.result()
           ^^^^^^^^^^^^^^^
  File "C:\Users\sangouda\python_apps\Lib\site-packages\nbclient\client.py", line 709, in async_execute
    await self.async_execute_cell(
  File "C:\Users\sangouda\python_apps\Lib\site-packages\nbclient\client.py", line 1062, in async_execute_cell
    await self._check_raise_for_error(cell, cell_index, exec_reply)
  File "C:\Users\sangouda\python_apps\Lib\site-packages\nbclient\client.py", line 918, in _check_raise_for_error
    raise CellExecutionError.from_cell_and_msg(cell, exec_reply_content)
nbclient.exceptions.CellExecutionError: An error occurred while executing the following cell:
------------------
import numpy as np
from testCases import *
from public_tests import *
from gc_utils import sigmoid, relu, dictionary_to_vector, vector_to_dictionary, gradients_to_vector

%load_ext autoreload
%autoreload 2
------------------


[31m---------------------------------------------------------------------------[39m
[31mModuleNotFoundError[39m                       Traceback (most recent call last)
[36mCell[39m[36m [39m[32mIn[2][39m[32m, line 3[39m
[32m      1[39m [38;5;28;01mimport[39;00m[38;5;250m [39m[34;01mnumpy[39;00m[38;5;250m [39m[38;5;28;01mas[39;00m[38;5;250m [39m[34;01mnp[39;00m
[32m      2[39m [38;5;28;01mfrom[39;00m[38;5;250m [39m[34;01mtestCases[39;00m[38;5;250m [39m[38;5;28;01mimport[39;00m *
[32m----> [39m[32m3[39m [38;5;28;01mfrom[39;00m[38;5;250m [39m[34;01mpublic_tests[39;00m[38;5;250m [39m[38;5;28;01mimport[39;00m *
[32m      4[39m [38;5;28;01mfrom[39;00m[38;5;250m [39m[34;01mgc_utils[39;00m[38;5;250m [39m[38;5;28;01mimport[39;00m sigmoid, relu, dictionary_to_vector, vector_to_dictionary, gradients_to_vector
[32m      6[39m get_ipython().run_line_magic([33m'[39m[33mload_ext[39m[33m'[39m, [33m'[39m[33mautoreload[39m[33m'[39m)

[36mFile [39m[32mC:\Github\Coursera_Materials\coursera_notes\DLS\C2_W1\Files (22)\Files\W1A3\public_tests.py:2[39m
[32m      1[39m [38;5;28;01mimport[39;00m[38;5;250m [39m[34;01mnumpy[39;00m[38;5;250m [39m[38;5;28;01mas[39;00m[38;5;250m [39m[34;01mnp[39;00m
[32m----> [39m[32m2[39m [38;5;28;01mfrom[39;00m[38;5;250m [39m[34;01mdlai_tools[39;00m[34;01m.[39;00m[34;01mtesting_utils[39;00m[38;5;250m [39m[38;5;28;01mimport[39;00m single_test, multiple_test
[32m      4[39m [38;5;28;01mdef[39;00m[38;5;250m [39m[34mforward_propagation_test[39m(target):
[32m      5[39m     x, theta = [32m2[39m, [32m4[39m

[31mModuleNotFoundError[39m: No module named 'dlai_tools'

