Traceback (most recent call last):
  File "C:\Users\sangouda\Python\Lib\site-packages\jupyter_core\utils\__init__.py", line 154, in wrapped
    asyncio.get_running_loop()
RuntimeError: no running event loop

During handling of the above exception, another exception occurred:

Traceback (most recent call last):
  File "C:\Users\sangouda\Python\Lib\site-packages\jupyter_cache\executors\utils.py", line 58, in single_nb_execution
    executenb(
  File "C:\Users\sangouda\Python\Lib\site-packages\nbclient\client.py", line 1319, in execute
    return NotebookClient(nb=nb, resources=resources, km=km, **kwargs).execute()
           ^^^^^^^^^^^^^^^^^^^^^^^^^^^^^^^^^^^^^^^^^^^^^^^^^^^^^^^^^^^^^^^^^^^^^
  File "C:\Users\sangouda\Python\Lib\site-packages\jupyter_core\utils\__init__.py", line 158, in wrapped
    return loop.run_until_complete(inner)
           ^^^^^^^^^^^^^^^^^^^^^^^^^^^^^^
  File "C:\Users\sangouda\Python\Lib\asyncio\base_events.py", line 654, in run_until_complete
    return future.result()
           ^^^^^^^^^^^^^^^
  File "C:\Users\sangouda\Python\Lib\site-packages\nbclient\client.py", line 709, in async_execute
    await self.async_execute_cell(
  File "C:\Users\sangouda\Python\Lib\site-packages\nbclient\client.py", line 1062, in async_execute_cell
    await self._check_raise_for_error(cell, cell_index, exec_reply)
  File "C:\Users\sangouda\Python\Lib\site-packages\nbclient\client.py", line 918, in _check_raise_for_error
    raise CellExecutionError.from_cell_and_msg(cell, exec_reply_content)
nbclient.exceptions.CellExecutionError: An error occurred while executing the following cell:
------------------
np.random.seed(1)
x = np.random.randn(4, 3, 3, 2)
x_pad = zero_pad(x, 3)
print ("x.shape =\n", x.shape)
print ("x_pad.shape =\n", x_pad.shape)
print ("x[1,1] =\n", x[1, 1])
print ("x_pad[1,1] =\n", x_pad[1, 1])

fig, axarr = plt.subplots(1, 2)
axarr[0].set_title('x')
axarr[0].imshow(x[0, :, :, 0])
axarr[1].set_title('x_pad')
axarr[1].imshow(x_pad[0, :, :, 0])
zero_pad_test(zero_pad)
------------------


[31m---------------------------------------------------------------------------[39m
[31mNameError[39m                                 Traceback (most recent call last)
[36mCell[39m[36m [39m[32mIn[4][39m[32m, line 3[39m
[32m      1[39m np.random.seed([32m1[39m)
[32m      2[39m x = np.random.randn([32m4[39m, [32m3[39m, [32m3[39m, [32m2[39m)
[32m----> [39m[32m3[39m x_pad = [43mzero_pad[49m[43m([49m[43mx[49m[43m,[49m[43m [49m[32;43m3[39;49m[43m)[49m
[32m      4[39m [38;5;28mprint[39m ([33m"[39m[33mx.shape =[39m[38;5;130;01m\n[39;00m[33m"[39m, x.shape)
[32m      5[39m [38;5;28mprint[39m ([33m"[39m[33mx_pad.shape =[39m[38;5;130;01m\n[39;00m[33m"[39m, x_pad.shape)

[36mCell[39m[36m [39m[32mIn[3][39m[32m, line 23[39m, in [36mzero_pad[39m[34m(X, pad)[39m
[32m      4[39m [38;5;250m[39m[33;03m"""[39;00m
[32m      5[39m [33;03mPad with zeros all images of the dataset X. The padding is applied to the height and width of an image, [39;00m
[32m      6[39m [33;03mas illustrated in Figure 1.[39;00m
[32m   (...)[39m[32m     13[39m [33;03mX_pad -- padded image of shape (m, n_H + 2 * pad, n_W + 2 * pad, n_C)[39;00m
[32m     14[39m [33;03m"""[39;00m
[32m     16[39m [38;5;66;03m#(≈ 1 line)[39;00m
[32m     17[39m [38;5;66;03m# X_pad = None[39;00m
[32m     18[39m [38;5;66;03m# YOUR CODE STARTS HERE[39;00m
[32m     19[39m 
[32m     20[39m 
[32m     21[39m [38;5;66;03m# YOUR CODE ENDS HERE[39;00m
[32m---> [39m[32m23[39m [38;5;28;01mreturn[39;00m [43mX_pad[49m

[31mNameError[39m: name 'X_pad' is not defined

