Traceback (most recent call last):
  File "C:\Users\sangouda\AppData\Local\anaconda3\envs\myenv\lib\site-packages\jupyter_cache\executors\utils.py", line 58, in single_nb_execution
    executenb(
  File "C:\Users\sangouda\AppData\Local\anaconda3\envs\myenv\lib\site-packages\nbclient\client.py", line 1319, in execute
    return NotebookClient(nb=nb, resources=resources, km=km, **kwargs).execute()
  File "C:\Users\sangouda\AppData\Local\anaconda3\envs\myenv\lib\site-packages\jupyter_core\utils\__init__.py", line 165, in wrapped
    return loop.run_until_complete(inner)
  File "C:\Users\sangouda\AppData\Local\anaconda3\envs\myenv\lib\asyncio\base_events.py", line 649, in run_until_complete
    return future.result()
  File "C:\Users\sangouda\AppData\Local\anaconda3\envs\myenv\lib\site-packages\nbclient\client.py", line 709, in async_execute
    await self.async_execute_cell(
  File "C:\Users\sangouda\AppData\Local\anaconda3\envs\myenv\lib\site-packages\nbclient\client.py", line 1062, in async_execute_cell
    await self._check_raise_for_error(cell, cell_index, exec_reply)
  File "C:\Users\sangouda\AppData\Local\anaconda3\envs\myenv\lib\site-packages\nbclient\client.py", line 918, in _check_raise_for_error
    raise CellExecutionError.from_cell_and_msg(cell, exec_reply_content)
nbclient.exceptions.CellExecutionError: An error occurred while executing the following cell:
------------------
happy_model.fit(X_train, Y_train, epochs=10, batch_size=16)
------------------

----- stdout -----
Epoch 1/10
------------------

[1;31m---------------------------------------------------------------------------[0m
[1;31mValueError[0m                                Traceback (most recent call last)
Cell [1;32mIn[9], line 1[0m
[1;32m----> 1[0m [43mhappy_model[49m[38;5;241;43m.[39;49m[43mfit[49m[43m([49m[43mX_train[49m[43m,[49m[43m [49m[43mY_train[49m[43m,[49m[43m [49m[43mepochs[49m[38;5;241;43m=[39;49m[38;5;241;43m10[39;49m[43m,[49m[43m [49m[43mbatch_size[49m[38;5;241;43m=[39;49m[38;5;241;43m16[39;49m[43m)[49m

File [1;32m~\AppData\Local\anaconda3\envs\myenv\lib\site-packages\keras\src\utils\traceback_utils.py:122[0m, in [0;36mfilter_traceback.<locals>.error_handler[1;34m(*args, **kwargs)[0m
[0;32m    119[0m     filtered_tb [38;5;241m=[39m _process_traceback_frames(e[38;5;241m.[39m__traceback__)
[0;32m    120[0m     [38;5;66;03m# To get the full stack trace, call:[39;00m
[0;32m    121[0m     [38;5;66;03m# `keras.config.disable_traceback_filtering()`[39;00m
[1;32m--> 122[0m     [38;5;28;01mraise[39;00m e[38;5;241m.[39mwith_traceback(filtered_tb) [38;5;28;01mfrom[39;00m[38;5;250m [39m[38;5;28;01mNone[39;00m
[0;32m    123[0m [38;5;28;01mfinally[39;00m:
[0;32m    124[0m     [38;5;28;01mdel[39;00m filtered_tb

File [1;32m~\AppData\Local\anaconda3\envs\myenv\lib\site-packages\keras\src\models\sequential.py:172[0m, in [0;36mSequential.build[1;34m(self, input_shape)[0m
[0;32m    170[0m     [38;5;28;01mreturn[39;00m
[0;32m    171[0m [38;5;28;01mif[39;00m [38;5;129;01mnot[39;00m [38;5;28mself[39m[38;5;241m.[39m_layers:
[1;32m--> 172[0m     [38;5;28;01mraise[39;00m [38;5;167;01mValueError[39;00m(
[0;32m    173[0m         [38;5;124mf[39m[38;5;124m"[39m[38;5;124mSequential model [39m[38;5;132;01m{[39;00m[38;5;28mself[39m[38;5;241m.[39mname[38;5;132;01m}[39;00m[38;5;124m cannot be built because it has [39m[38;5;124m"[39m
[0;32m    174[0m         [38;5;124m"[39m[38;5;124mno layers. Call `model.add(layer)`.[39m[38;5;124m"[39m
[0;32m    175[0m     )
[0;32m    176[0m [38;5;28;01mif[39;00m [38;5;28misinstance[39m([38;5;28mself[39m[38;5;241m.[39m_layers[[38;5;241m0[39m], InputLayer):
[0;32m    177[0m     [38;5;28;01mif[39;00m [38;5;28mself[39m[38;5;241m.[39m_layers[[38;5;241m0[39m][38;5;241m.[39mbatch_shape [38;5;241m!=[39m input_shape:

[1;31mValueError[0m: Sequential model sequential cannot be built because it has no layers. Call `model.add(layer)`.

