Traceback (most recent call last):
  File "C:\Users\sangouda\python_apps\Lib\site-packages\jupyter_cache\executors\utils.py", line 58, in single_nb_execution
    executenb(
  File "C:\Users\sangouda\python_apps\Lib\site-packages\nbclient\client.py", line 1319, in execute
    return NotebookClient(nb=nb, resources=resources, km=km, **kwargs).execute()
           ^^^^^^^^^^^^^^^^^^^^^^^^^^^^^^^^^^^^^^^^^^^^^^^^^^^^^^^^^^^^^^^^^^^^^
  File "C:\Users\sangouda\python_apps\Lib\site-packages\jupyter_core\utils\__init__.py", line 165, in wrapped
    return loop.run_until_complete(inner)
           ^^^^^^^^^^^^^^^^^^^^^^^^^^^^^^
  File "C:\Users\sangouda\python_apps\Lib\asyncio\base_events.py", line 691, in run_until_complete
    return future.result()
           ^^^^^^^^^^^^^^^
  File "C:\Users\sangouda\python_apps\Lib\site-packages\nbclient\client.py", line 709, in async_execute
    await self.async_execute_cell(
  File "C:\Users\sangouda\python_apps\Lib\site-packages\nbclient\client.py", line 1062, in async_execute_cell
    await self._check_raise_for_error(cell, cell_index, exec_reply)
  File "C:\Users\sangouda\python_apps\Lib\site-packages\nbclient\client.py", line 918, in _check_raise_for_error
    raise CellExecutionError.from_cell_and_msg(cell, exec_reply_content)
nbclient.exceptions.CellExecutionError: An error occurred while executing the following cell:
------------------
print("Test Case 1:\n")
parameters = initialize_parameters(3,2,1)

print("W1 = " + str(parameters["W1"]))
print("b1 = " + str(parameters["b1"]))
print("W2 = " + str(parameters["W2"]))
print("b2 = " + str(parameters["b2"]))

initialize_parameters_test_1(initialize_parameters)

print("\033[90m\nTest Case 2:\n")
parameters = initialize_parameters(4,3,2)

print("W1 = " + str(parameters["W1"]))
print("b1 = " + str(parameters["b1"]))
print("W2 = " + str(parameters["W2"]))
print("b2 = " + str(parameters["b2"]))

initialize_parameters_test_2(initialize_parameters)
------------------

----- stdout -----
Test Case 1:
------------------

[31m---------------------------------------------------------------------------[39m
[31mNameError[39m                                 Traceback (most recent call last)
[36mCell[39m[36m [39m[32mIn[4][39m[32m, line 2[39m
[32m      1[39m [38;5;28mprint[39m([33m"[39m[33mTest Case 1:[39m[38;5;130;01m\n[39;00m[33m"[39m)
[32m----> [39m[32m2[39m parameters = [43minitialize_parameters[49m[43m([49m[32;43m3[39;49m[43m,[49m[32;43m2[39;49m[43m,[49m[32;43m1[39;49m[43m)[49m
[32m      4[39m [38;5;28mprint[39m([33m"[39m[33mW1 = [39m[33m"[39m + [38;5;28mstr[39m(parameters[[33m"[39m[33mW1[39m[33m"[39m]))
[32m      5[39m [38;5;28mprint[39m([33m"[39m[33mb1 = [39m[33m"[39m + [38;5;28mstr[39m(parameters[[33m"[39m[33mb1[39m[33m"[39m]))

[36mCell[39m[36m [39m[32mIn[3][39m[32m, line 30[39m, in [36minitialize_parameters[39m[34m(n_x, n_h, n_y)[39m
[32m     18[39m np.random.seed([32m1[39m)
[32m     20[39m [38;5;66;03m#(≈ 4 lines of code)[39;00m
[32m     21[39m [38;5;66;03m# W1 = ...[39;00m
[32m     22[39m [38;5;66;03m# b1 = ...[39;00m
[32m   (...)[39m[32m     27[39m 
[32m     28[39m [38;5;66;03m# YOUR CODE ENDS HERE[39;00m
[32m---> [39m[32m30[39m parameters = {[33m"[39m[33mW1[39m[33m"[39m: [43mW1[49m,
[32m     31[39m               [33m"[39m[33mb1[39m[33m"[39m: b1,
[32m     32[39m               [33m"[39m[33mW2[39m[33m"[39m: W2,
[32m     33[39m               [33m"[39m[33mb2[39m[33m"[39m: b2}
[32m     35[39m [38;5;28;01mreturn[39;00m parameters

[31mNameError[39m: name 'W1' is not defined

