Traceback (most recent call last):
  File "C:\Users\sangouda\Python\Lib\site-packages\jupyter_core\utils\__init__.py", line 154, in wrapped
    asyncio.get_running_loop()
RuntimeError: no running event loop

During handling of the above exception, another exception occurred:

Traceback (most recent call last):
  File "C:\Users\sangouda\Python\Lib\site-packages\jupyter_cache\executors\utils.py", line 58, in single_nb_execution
    executenb(
  File "C:\Users\sangouda\Python\Lib\site-packages\nbclient\client.py", line 1319, in execute
    return NotebookClient(nb=nb, resources=resources, km=km, **kwargs).execute()
           ^^^^^^^^^^^^^^^^^^^^^^^^^^^^^^^^^^^^^^^^^^^^^^^^^^^^^^^^^^^^^^^^^^^^^
  File "C:\Users\sangouda\Python\Lib\site-packages\jupyter_core\utils\__init__.py", line 158, in wrapped
    return loop.run_until_complete(inner)
           ^^^^^^^^^^^^^^^^^^^^^^^^^^^^^^
  File "C:\Users\sangouda\Python\Lib\asyncio\base_events.py", line 654, in run_until_complete
    return future.result()
           ^^^^^^^^^^^^^^^
  File "C:\Users\sangouda\Python\Lib\site-packages\nbclient\client.py", line 709, in async_execute
    await self.async_execute_cell(
  File "C:\Users\sangouda\Python\Lib\site-packages\nbclient\client.py", line 1062, in async_execute_cell
    await self._check_raise_for_error(cell, cell_index, exec_reply)
  File "C:\Users\sangouda\Python\Lib\site-packages\nbclient\client.py", line 918, in _check_raise_for_error
    raise CellExecutionError.from_cell_and_msg(cell, exec_reply_content)
nbclient.exceptions.CellExecutionError: An error occurred while executing the following cell:
------------------
parameters, costs = two_layer_model(train_x, train_y, layers_dims = (n_x, n_h, n_y), num_iterations = 2, print_cost=False)

print("Cost after first iteration: " + str(costs[0]))

two_layer_model_test(two_layer_model)
------------------


[31m-------------------------------------------------------------------------[39m
[31mNameError[39m                               Traceback (most recent call last)
[36mCell[39m[36m [39m[32mIn[9][39m[32m, line 1[39m
[32m----> [39m[32m1[39m parameters, costs = [43mtwo_layer_model[49m[43m([49m[43mtrain_x[49m[43m,[49m[43m [49m[43mtrain_y[49m[43m,[49m[43m [49m[43mlayers_dims[49m[43m [49m[43m=[49m[43m [49m[43m([49m[43mn_x[49m[43m,[49m[43m [49m[43mn_h[49m[43m,[49m[43m [49m[43mn_y[49m[43m)[49m[43m,[49m[43m [49m[43mnum_iterations[49m[43m [49m[43m=[49m[43m [49m[32;43m2[39;49m[43m,[49m[43m [49m[43mprint_cost[49m[43m=[49m[38;5;28;43;01mFalse[39;49;00m[43m)[49m
[32m      3[39m [38;5;28mprint[39m([33m"[39m[33mCost after first iteration: [39m[33m"[39m + [38;5;28mstr[39m(costs[[32m0[39m]))
[32m      5[39m two_layer_model_test(two_layer_model)

[36mCell[39m[36m [39m[32mIn[8][39m[32m, line 34[39m, in [36mtwo_layer_model[39m[34m(X, Y, layers_dims, learning_rate, num_iterations, print_cost)[39m
[32m     23[39m (n_x, n_h, n_y) = layers_dims
[32m     25[39m [38;5;66;03m# Initialize parameters dictionary, by calling one of the functions you'd previously implemented[39;00m
[32m     26[39m [38;5;66;03m#(≈ 1 line of code)[39;00m
[32m     27[39m [38;5;66;03m# parameters = ...[39;00m
[32m   (...)[39m[32m     32[39m 
[32m     33[39m [38;5;66;03m# Get W1, b1, W2 and b2 from the dictionary parameters.[39;00m
[32m---> [39m[32m34[39m W1 = [43mparameters[49m[[33m"[39m[33mW1[39m[33m"[39m]
[32m     35[39m b1 = parameters[[33m"[39m[33mb1[39m[33m"[39m]
[32m     36[39m W2 = parameters[[33m"[39m[33mW2[39m[33m"[39m]

[31mNameError[39m: name 'parameters' is not defined

