Traceback (most recent call last):
  File "C:\Users\sangouda\AppData\Local\anaconda3\envs\myenv\lib\site-packages\jupyter_cache\executors\utils.py", line 58, in single_nb_execution
    executenb(
  File "C:\Users\sangouda\AppData\Local\anaconda3\envs\myenv\lib\site-packages\nbclient\client.py", line 1319, in execute
    return NotebookClient(nb=nb, resources=resources, km=km, **kwargs).execute()
  File "C:\Users\sangouda\AppData\Local\anaconda3\envs\myenv\lib\site-packages\jupyter_core\utils\__init__.py", line 165, in wrapped
    return loop.run_until_complete(inner)
  File "C:\Users\sangouda\AppData\Local\anaconda3\envs\myenv\lib\asyncio\base_events.py", line 649, in run_until_complete
    return future.result()
  File "C:\Users\sangouda\AppData\Local\anaconda3\envs\myenv\lib\site-packages\nbclient\client.py", line 709, in async_execute
    await self.async_execute_cell(
  File "C:\Users\sangouda\AppData\Local\anaconda3\envs\myenv\lib\site-packages\nbclient\client.py", line 1062, in async_execute_cell
    await self._check_raise_for_error(cell, cell_index, exec_reply)
  File "C:\Users\sangouda\AppData\Local\anaconda3\envs\myenv\lib\site-packages\nbclient\client.py", line 918, in _check_raise_for_error
    raise CellExecutionError.from_cell_and_msg(cell, exec_reply_content)
nbclient.exceptions.CellExecutionError: An error occurred while executing the following cell:
------------------
import numpy as np
import matplotlib.pyplot as plt
import scipy.io
import math
import sklearn
import sklearn.datasets

from opt_utils_v1a import load_params_and_grads, initialize_parameters, forward_propagation, backward_propagation
from opt_utils_v1a import compute_cost, predict, predict_dec, plot_decision_boundary, load_dataset
from copy import deepcopy
from testCases import *
from public_tests import *

%matplotlib inline
plt.rcParams['figure.figsize'] = (7.0, 4.0) # set default size of plots
plt.rcParams['image.interpolation'] = 'nearest'
plt.rcParams['image.cmap'] = 'gray'

%load_ext autoreload
%autoreload 2
------------------


[1;31m---------------------------------------------------------------------------[0m
[1;31mModuleNotFoundError[0m                       Traceback (most recent call last)
Cell [1;32mIn[2], line 12[0m
[0;32m     10[0m [38;5;28;01mfrom[39;00m[38;5;250m [39m[38;5;21;01mcopy[39;00m[38;5;250m [39m[38;5;28;01mimport[39;00m deepcopy
[0;32m     11[0m [38;5;28;01mfrom[39;00m[38;5;250m [39m[38;5;21;01mtestCases[39;00m[38;5;250m [39m[38;5;28;01mimport[39;00m [38;5;241m*[39m
[1;32m---> 12[0m [38;5;28;01mfrom[39;00m[38;5;250m [39m[38;5;21;01mpublic_tests[39;00m[38;5;250m [39m[38;5;28;01mimport[39;00m [38;5;241m*[39m
[0;32m     14[0m get_ipython()[38;5;241m.[39mrun_line_magic([38;5;124m'[39m[38;5;124mmatplotlib[39m[38;5;124m'[39m, [38;5;124m'[39m[38;5;124minline[39m[38;5;124m'[39m)
[0;32m     15[0m plt[38;5;241m.[39mrcParams[[38;5;124m'[39m[38;5;124mfigure.figsize[39m[38;5;124m'[39m] [38;5;241m=[39m ([38;5;241m7.0[39m, [38;5;241m4.0[39m) [38;5;66;03m# set default size of plots[39;00m

File [1;32mC:\Github\Coursera_Materials\coursera_notes\DLS\C2_W2\public_tests.py:4[0m
[0;32m      2[0m [38;5;28;01mfrom[39;00m[38;5;250m [39m[38;5;21;01mnumpy[39;00m[38;5;250m [39m[38;5;28;01mimport[39;00m array
[0;32m      3[0m [38;5;28;01mfrom[39;00m[38;5;250m [39m[38;5;21;01mtestCases[39;00m[38;5;250m [39m[38;5;28;01mimport[39;00m [38;5;241m*[39m
[1;32m----> 4[0m [38;5;28;01mfrom[39;00m[38;5;250m [39m[38;5;21;01mdlai_tools[39;00m[38;5;21;01m.[39;00m[38;5;21;01mtesting_utils[39;00m[38;5;250m [39m[38;5;28;01mimport[39;00m single_test, multiple_test
[0;32m      6[0m [38;5;66;03m### ex 1         [39;00m
[0;32m      7[0m [38;5;28;01mdef[39;00m[38;5;250m [39m[38;5;21mupdate_parameters_with_gd_test[39m(target):

[1;31mModuleNotFoundError[0m: No module named 'dlai_tools'

