Traceback (most recent call last):
  File "C:\Users\sangouda\python_apps\Lib\site-packages\jupyter_cache\executors\utils.py", line 58, in single_nb_execution
    executenb(
  File "C:\Users\sangouda\python_apps\Lib\site-packages\nbclient\client.py", line 1319, in execute
    return NotebookClient(nb=nb, resources=resources, km=km, **kwargs).execute()
           ^^^^^^^^^^^^^^^^^^^^^^^^^^^^^^^^^^^^^^^^^^^^^^^^^^^^^^^^^^^^^^^^^^^^^
  File "C:\Users\sangouda\python_apps\Lib\site-packages\jupyter_core\utils\__init__.py", line 165, in wrapped
    return loop.run_until_complete(inner)
           ^^^^^^^^^^^^^^^^^^^^^^^^^^^^^^
  File "C:\Users\sangouda\python_apps\Lib\asyncio\base_events.py", line 691, in run_until_complete
    return future.result()
           ^^^^^^^^^^^^^^^
  File "C:\Users\sangouda\python_apps\Lib\site-packages\nbclient\client.py", line 709, in async_execute
    await self.async_execute_cell(
  File "C:\Users\sangouda\python_apps\Lib\site-packages\nbclient\client.py", line 1062, in async_execute_cell
    await self._check_raise_for_error(cell, cell_index, exec_reply)
  File "C:\Users\sangouda\python_apps\Lib\site-packages\nbclient\client.py", line 918, in _check_raise_for_error
    raise CellExecutionError.from_cell_and_msg(cell, exec_reply_content)
nbclient.exceptions.CellExecutionError: An error occurred while executing the following cell:
------------------
from public_tests import *

get_angles_test(get_angles)

# Example
position = 4
d_model = 8
pos_m = np.arange(position)[:, np.newaxis]
dims = np.arange(d_model)[np.newaxis, :]
get_angles(pos_m, dims, d_model)
------------------


[31m---------------------------------------------------------------------------[39m
[31mAssertionError[39m                            Traceback (most recent call last)
[36mCell[39m[36m [39m[32mIn[4][39m[32m, line 3[39m
[32m      1[39m [38;5;28;01mfrom[39;00m[38;5;250m [39m[34;01mpublic_tests[39;00m[38;5;250m [39m[38;5;28;01mimport[39;00m *
[32m----> [39m[32m3[39m [43mget_angles_test[49m[43m([49m[43mget_angles[49m[43m)[49m
[32m      5[39m [38;5;66;03m# Example[39;00m
[32m      6[39m position = [32m4[39m

[36mFile [39m[32mC:\Github\Coursera_Materials\coursera_notes\DLS\C5_W4\public_tests.py:12[39m, in [36mget_angles_test[39m[34m(target)[39m
[32m      8[39m dims = np.arange(d_model)[np.newaxis, :]
[32m     10[39m result = target(pos_m, dims, d_model)
[32m---> [39m[32m12[39m [38;5;28;01massert[39;00m [38;5;28mtype[39m(result) == np.ndarray, [33m"[39m[33mYou must return a numpy ndarray[39m[33m"[39m
[32m     13[39m [38;5;28;01massert[39;00m result.shape == (position, d_model), [33mf[39m[33m"[39m[33mWrong shape. We expected: ([39m[38;5;132;01m{[39;00mposition[38;5;132;01m}[39;00m[33m, [39m[38;5;132;01m{[39;00md_model[38;5;132;01m}[39;00m[33m)[39m[33m"[39m
[32m     14[39m [38;5;28;01massert[39;00m np.sum(result[[32m0[39m, :]) == [32m0[39m

[31mAssertionError[39m: You must return a numpy ndarray

