Traceback (most recent call last):
  File "C:\Users\sangouda\Python\Lib\site-packages\jupyter_core\utils\__init__.py", line 154, in wrapped
    asyncio.get_running_loop()
RuntimeError: no running event loop

During handling of the above exception, another exception occurred:

Traceback (most recent call last):
  File "C:\Users\sangouda\Python\Lib\site-packages\jupyter_cache\executors\utils.py", line 58, in single_nb_execution
    executenb(
  File "C:\Users\sangouda\Python\Lib\site-packages\nbclient\client.py", line 1319, in execute
    return NotebookClient(nb=nb, resources=resources, km=km, **kwargs).execute()
           ^^^^^^^^^^^^^^^^^^^^^^^^^^^^^^^^^^^^^^^^^^^^^^^^^^^^^^^^^^^^^^^^^^^^^
  File "C:\Users\sangouda\Python\Lib\site-packages\jupyter_core\utils\__init__.py", line 158, in wrapped
    return loop.run_until_complete(inner)
           ^^^^^^^^^^^^^^^^^^^^^^^^^^^^^^
  File "C:\Users\sangouda\Python\Lib\asyncio\base_events.py", line 654, in run_until_complete
    return future.result()
           ^^^^^^^^^^^^^^^
  File "C:\Users\sangouda\Python\Lib\site-packages\nbclient\client.py", line 709, in async_execute
    await self.async_execute_cell(
  File "C:\Users\sangouda\Python\Lib\site-packages\nbclient\client.py", line 1062, in async_execute_cell
    await self._check_raise_for_error(cell, cell_index, exec_reply)
  File "C:\Users\sangouda\Python\Lib\site-packages\nbclient\client.py", line 918, in _check_raise_for_error
    raise CellExecutionError.from_cell_and_msg(cell, exec_reply_content)
nbclient.exceptions.CellExecutionError: An error occurred while executing the following cell:
------------------
embeddings_index = {}
GLOVE_DIR = "glove"
f = open(os.path.join(GLOVE_DIR, 'glove.6B.100d.txt'))
for line in f:
    values = line.split()
    word = values[0]
    coefs = np.asarray(values[1:], dtype='float32')
    embeddings_index[word] = coefs
f.close()

print('Found %s word vectors.' % len(embeddings_index))
print('d_model:', embeddings_index['hi'].shape)
------------------


[31m---------------------------------------------------------------------------[39m
[31mUnicodeDecodeError[39m                        Traceback (most recent call last)
[36mCell[39m[36m [39m[32mIn[8][39m[32m, line 4[39m
[32m      2[39m GLOVE_DIR = [33m"[39m[33mglove[39m[33m"[39m
[32m      3[39m f = [38;5;28mopen[39m(os.path.join(GLOVE_DIR, [33m'[39m[33mglove.6B.100d.txt[39m[33m'[39m))
[32m----> [39m[32m4[39m [38;5;28;43;01mfor[39;49;00m[43m [49m[43mline[49m[43m [49m[38;5;129;43;01min[39;49;00m[43m [49m[43mf[49m[43m:[49m
[32m      5[39m [43m    [49m[43mvalues[49m[43m [49m[43m=[49m[43m [49m[43mline[49m[43m.[49m[43msplit[49m[43m([49m[43m)[49m
[32m      6[39m [43m    [49m[43mword[49m[43m [49m[43m=[49m[43m [49m[43mvalues[49m[43m[[49m[32;43m0[39;49m[43m][49m

[36mFile [39m[32m~\Python\Lib\encodings\cp1252.py:23[39m, in [36mIncrementalDecoder.decode[39m[34m(self, input, final)[39m
[32m     22[39m [38;5;28;01mdef[39;00m[38;5;250m [39m[34mdecode[39m([38;5;28mself[39m, [38;5;28minput[39m, final=[38;5;28;01mFalse[39;00m):
[32m---> [39m[32m23[39m     [38;5;28;01mreturn[39;00m codecs.charmap_decode([38;5;28minput[39m,[38;5;28mself[39m.errors,decoding_table)[[32m0[39m]

[31mUnicodeDecodeError[39m: 'charmap' codec can't decode byte 0x9d in position 2776: character maps to <undefined>

