Traceback (most recent call last):
  File "C:\Users\sangouda\python_apps\Lib\site-packages\jupyter_cache\executors\utils.py", line 58, in single_nb_execution
    executenb(
  File "C:\Users\sangouda\python_apps\Lib\site-packages\nbclient\client.py", line 1319, in execute
    return NotebookClient(nb=nb, resources=resources, km=km, **kwargs).execute()
           ^^^^^^^^^^^^^^^^^^^^^^^^^^^^^^^^^^^^^^^^^^^^^^^^^^^^^^^^^^^^^^^^^^^^^
  File "C:\Users\sangouda\python_apps\Lib\site-packages\jupyter_core\utils\__init__.py", line 165, in wrapped
    return loop.run_until_complete(inner)
           ^^^^^^^^^^^^^^^^^^^^^^^^^^^^^^
  File "C:\Users\sangouda\python_apps\Lib\asyncio\base_events.py", line 691, in run_until_complete
    return future.result()
           ^^^^^^^^^^^^^^^
  File "C:\Users\sangouda\python_apps\Lib\site-packages\nbclient\client.py", line 709, in async_execute
    await self.async_execute_cell(
  File "C:\Users\sangouda\python_apps\Lib\site-packages\nbclient\client.py", line 1062, in async_execute_cell
    await self._check_raise_for_error(cell, cell_index, exec_reply)
  File "C:\Users\sangouda\python_apps\Lib\site-packages\nbclient\client.py", line 918, in _check_raise_for_error
    raise CellExecutionError.from_cell_and_msg(cell, exec_reply_content)
nbclient.exceptions.CellExecutionError: An error occurred while executing the following cell:
------------------
data = trim_entity_spans(convert_dataturks_to_spacy("ner.json"))
------------------

----- stderr -----
ERROR:root:Unable to process ner.json
error = 'charmap' codec can't decode byte 0x8f in position 6440: character maps to <undefined>
Traceback (most recent call last):
  File "C:\Users\sangouda\AppData\Local\Temp\ipykernel_5488\1031633280.py", line 6, in convert_dataturks_to_spacy
    lines = f.readlines()
            ^^^^^^^^^^^^^
  File "C:\Users\sangouda\python_apps\Lib\encodings\cp1252.py", line 23, in decode
    return codecs.charmap_decode(input,self.errors,decoding_table)[0]
           ^^^^^^^^^^^^^^^^^^^^^^^^^^^^^^^^^^^^^^^^^^^^^^^^^^^^^^^
UnicodeDecodeError: 'charmap' codec can't decode byte 0x8f in position 6440: character maps to <undefined>
------------------

[31m---------------------------------------------------------------------------[39m
[31mTypeError[39m                                 Traceback (most recent call last)
[36mCell[39m[36m [39m[32mIn[9][39m[32m, line 1[39m
[32m----> [39m[32m1[39m data = [43mtrim_entity_spans[49m[43m([49m[43mconvert_dataturks_to_spacy[49m[43m([49m[33;43m"[39;49m[33;43mner.json[39;49m[33;43m"[39;49m[43m)[49m[43m)[49m

[36mCell[39m[36m [39m[32mIn[8][39m[32m, line 52[39m, in [36mtrim_entity_spans[39m[34m(data)[39m
[32m     49[39m invalid_span_tokens = re.compile([33mr[39m[33m'[39m[33m\[39m[33ms[39m[33m'[39m)
[32m     51[39m cleaned_data = []
[32m---> [39m[32m52[39m [43m[49m[38;5;28;43;01mfor[39;49;00m[43m [49m[43mtext[49m[43m,[49m[43m [49m[43mannotations[49m[43m [49m[38;5;129;43;01min[39;49;00m[43m [49m[43mdata[49m[43m:[49m
[32m     53[39m [43m    [49m[43mentities[49m[43m [49m[43m=[49m[43m [49m[43mannotations[49m[43m[[49m[33;43m'[39;49m[33;43mentities[39;49m[33;43m'[39;49m[43m][49m
[32m     54[39m [43m    [49m[43mvalid_entities[49m[43m [49m[43m=[49m[43m [49m[43m[[49m[43m][49m

[31mTypeError[39m: 'NoneType' object is not iterable

