Traceback (most recent call last):
  File "C:\Users\sangouda\python_apps\Lib\site-packages\jupyter_cache\executors\utils.py", line 58, in single_nb_execution
    executenb(
  File "C:\Users\sangouda\python_apps\Lib\site-packages\nbclient\client.py", line 1319, in execute
    return NotebookClient(nb=nb, resources=resources, km=km, **kwargs).execute()
           ^^^^^^^^^^^^^^^^^^^^^^^^^^^^^^^^^^^^^^^^^^^^^^^^^^^^^^^^^^^^^^^^^^^^^
  File "C:\Users\sangouda\python_apps\Lib\site-packages\jupyter_core\utils\__init__.py", line 165, in wrapped
    return loop.run_until_complete(inner)
           ^^^^^^^^^^^^^^^^^^^^^^^^^^^^^^
  File "C:\Users\sangouda\python_apps\Lib\asyncio\base_events.py", line 691, in run_until_complete
    return future.result()
           ^^^^^^^^^^^^^^^
  File "C:\Users\sangouda\python_apps\Lib\site-packages\nbclient\client.py", line 709, in async_execute
    await self.async_execute_cell(
  File "C:\Users\sangouda\python_apps\Lib\site-packages\nbclient\client.py", line 1062, in async_execute_cell
    await self._check_raise_for_error(cell, cell_index, exec_reply)
  File "C:\Users\sangouda\python_apps\Lib\site-packages\nbclient\client.py", line 918, in _check_raise_for_error
    raise CellExecutionError.from_cell_and_msg(cell, exec_reply_content)
nbclient.exceptions.CellExecutionError: An error occurred while executing the following cell:
------------------
word_to_index, index_to_word, word_to_vec_map = read_glove_vecs('data/glove.6B.50d.txt')
------------------


[31m---------------------------------------------------------------------------[39m
[31mUnicodeDecodeError[39m                        Traceback (most recent call last)
[36mCell[39m[36m [39m[32mIn[8][39m[32m, line 1[39m
[32m----> [39m[32m1[39m word_to_index, index_to_word, word_to_vec_map = [43mread_glove_vecs[49m[43m([49m[33;43m'[39;49m[33;43mdata/glove.6B.50d.txt[39;49m[33;43m'[39;49m[43m)[49m

[36mFile [39m[32mC:\Github\Coursera_Materials\coursera_notes\DLS\C5_W2\emo_utils.py:12[39m, in [36mread_glove_vecs[39m[34m(glove_file)[39m
[32m     10[39m words = [38;5;28mset[39m()
[32m     11[39m word_to_vec_map = {}
[32m---> [39m[32m12[39m [43m[49m[38;5;28;43;01mfor[39;49;00m[43m [49m[43mline[49m[43m [49m[38;5;129;43;01min[39;49;00m[43m [49m[43mf[49m[43m:[49m
[32m     13[39m [43m    [49m[43mline[49m[43m [49m[43m=[49m[43m [49m[43mline[49m[43m.[49m[43mstrip[49m[43m([49m[43m)[49m[43m.[49m[43msplit[49m[43m([49m[43m)[49m
[32m     14[39m [43m    [49m[43mcurr_word[49m[43m [49m[43m=[49m[43m [49m[43mline[49m[43m[[49m[32;43m0[39;49m[43m][49m

[36mFile [39m[32m~\python_apps\Lib\encodings\cp1252.py:23[39m, in [36mIncrementalDecoder.decode[39m[34m(self, input, final)[39m
[32m     22[39m [38;5;28;01mdef[39;00m[38;5;250m [39m[34mdecode[39m([38;5;28mself[39m, [38;5;28minput[39m, final=[38;5;28;01mFalse[39;00m):
[32m---> [39m[32m23[39m     [38;5;28;01mreturn[39;00m [43mcodecs[49m[43m.[49m[43mcharmap_decode[49m[43m([49m[38;5;28;43minput[39;49m[43m,[49m[38;5;28;43mself[39;49m[43m.[49m[43merrors[49m[43m,[49m[43mdecoding_table[49m[43m)[49m[[32m0[39m]

[31mUnicodeDecodeError[39m: 'charmap' codec can't decode byte 0x9d in position 2273: character maps to <undefined>

