Traceback (most recent call last):
  File "C:\Users\sangouda\AppData\Local\anaconda3\envs\myenv\lib\site-packages\jupyter_cache\executors\utils.py", line 58, in single_nb_execution
    executenb(
  File "C:\Users\sangouda\AppData\Local\anaconda3\envs\myenv\lib\site-packages\nbclient\client.py", line 1319, in execute
    return NotebookClient(nb=nb, resources=resources, km=km, **kwargs).execute()
  File "C:\Users\sangouda\AppData\Local\anaconda3\envs\myenv\lib\site-packages\jupyter_core\utils\__init__.py", line 165, in wrapped
    return loop.run_until_complete(inner)
  File "C:\Users\sangouda\AppData\Local\anaconda3\envs\myenv\lib\asyncio\base_events.py", line 649, in run_until_complete
    return future.result()
  File "C:\Users\sangouda\AppData\Local\anaconda3\envs\myenv\lib\site-packages\nbclient\client.py", line 709, in async_execute
    await self.async_execute_cell(
  File "C:\Users\sangouda\AppData\Local\anaconda3\envs\myenv\lib\site-packages\nbclient\client.py", line 1062, in async_execute_cell
    await self._check_raise_for_error(cell, cell_index, exec_reply)
  File "C:\Users\sangouda\AppData\Local\anaconda3\envs\myenv\lib\site-packages\nbclient\client.py", line 918, in _check_raise_for_error
    raise CellExecutionError.from_cell_and_msg(cell, exec_reply_content)
nbclient.exceptions.CellExecutionError: An error occurred while executing the following cell:
------------------
import numpy as np
import matplotlib.pyplot as plt
import sklearn
import sklearn.datasets
from public_tests import *
from init_utils import sigmoid, relu, compute_loss, forward_propagation, backward_propagation
from init_utils import update_parameters, predict, load_dataset, plot_decision_boundary, predict_dec

%matplotlib inline
plt.rcParams['figure.figsize'] = (7.0, 4.0) # set default size of plots
plt.rcParams['image.interpolation'] = 'nearest'
plt.rcParams['image.cmap'] = 'gray'

%load_ext autoreload
%autoreload 2

# load image dataset: blue/red dots in circles
# train_X, train_Y, test_X, test_Y = load_dataset()
------------------


[1;31m---------------------------------------------------------------------------[0m
[1;31mModuleNotFoundError[0m                       Traceback (most recent call last)
Cell [1;32mIn[2], line 5[0m
[0;32m      3[0m [38;5;28;01mimport[39;00m[38;5;250m [39m[38;5;21;01msklearn[39;00m
[0;32m      4[0m [38;5;28;01mimport[39;00m[38;5;250m [39m[38;5;21;01msklearn[39;00m[38;5;21;01m.[39;00m[38;5;21;01mdatasets[39;00m
[1;32m----> 5[0m [38;5;28;01mfrom[39;00m[38;5;250m [39m[38;5;21;01mpublic_tests[39;00m[38;5;250m [39m[38;5;28;01mimport[39;00m [38;5;241m*[39m
[0;32m      6[0m [38;5;28;01mfrom[39;00m[38;5;250m [39m[38;5;21;01minit_utils[39;00m[38;5;250m [39m[38;5;28;01mimport[39;00m sigmoid, relu, compute_loss, forward_propagation, backward_propagation
[0;32m      7[0m [38;5;28;01mfrom[39;00m[38;5;250m [39m[38;5;21;01minit_utils[39;00m[38;5;250m [39m[38;5;28;01mimport[39;00m update_parameters, predict, load_dataset, plot_decision_boundary, predict_dec

File [1;32mC:\Github\Coursera_Materials\coursera_notes\DLS\C2_W1\public_tests.py:2[0m
[0;32m      1[0m [38;5;28;01mimport[39;00m[38;5;250m [39m[38;5;21;01mnumpy[39;00m[38;5;250m [39m[38;5;28;01mas[39;00m[38;5;250m [39m[38;5;21;01mnp[39;00m
[1;32m----> 2[0m [38;5;28;01mfrom[39;00m[38;5;250m [39m[38;5;21;01mdlai_tools[39;00m[38;5;21;01m.[39;00m[38;5;21;01mtesting_utils[39;00m[38;5;250m [39m[38;5;28;01mimport[39;00m single_test, multiple_test
[0;32m      4[0m [38;5;28;01mdef[39;00m[38;5;250m [39m[38;5;21mcompute_cost_with_regularization_test[39m(target):
[0;32m      5[0m     np[38;5;241m.[39mrandom[38;5;241m.[39mseed([38;5;241m1[39m)

[1;31mModuleNotFoundError[0m: No module named 'dlai_tools'

