Traceback (most recent call last):
  File "C:\Users\sangouda\Python\Lib\site-packages\jupyter_core\utils\__init__.py", line 154, in wrapped
    asyncio.get_running_loop()
RuntimeError: no running event loop

During handling of the above exception, another exception occurred:

Traceback (most recent call last):
  File "C:\Users\sangouda\Python\Lib\site-packages\jupyter_cache\executors\utils.py", line 58, in single_nb_execution
    executenb(
  File "C:\Users\sangouda\Python\Lib\site-packages\nbclient\client.py", line 1319, in execute
    return NotebookClient(nb=nb, resources=resources, km=km, **kwargs).execute()
           ^^^^^^^^^^^^^^^^^^^^^^^^^^^^^^^^^^^^^^^^^^^^^^^^^^^^^^^^^^^^^^^^^^^^^
  File "C:\Users\sangouda\Python\Lib\site-packages\jupyter_core\utils\__init__.py", line 158, in wrapped
    return loop.run_until_complete(inner)
           ^^^^^^^^^^^^^^^^^^^^^^^^^^^^^^
  File "C:\Users\sangouda\Python\Lib\asyncio\base_events.py", line 654, in run_until_complete
    return future.result()
           ^^^^^^^^^^^^^^^
  File "C:\Users\sangouda\Python\Lib\site-packages\nbclient\client.py", line 709, in async_execute
    await self.async_execute_cell(
  File "C:\Users\sangouda\Python\Lib\site-packages\nbclient\client.py", line 1062, in async_execute_cell
    await self._check_raise_for_error(cell, cell_index, exec_reply)
  File "C:\Users\sangouda\Python\Lib\site-packages\nbclient\client.py", line 918, in _check_raise_for_error
    raise CellExecutionError.from_cell_and_msg(cell, exec_reply_content)
nbclient.exceptions.CellExecutionError: An error occurred while executing the following cell:
------------------
emission_counts, transition_counts, tag_counts = create_dictionaries(training_corpus, vocab)
------------------


[31m---------------------------------------------------------------------------[39m
[31mTypeError[39m                                 Traceback (most recent call last)
[36mCell[39m[36m [39m[32mIn[8][39m[32m, line 1[39m
[32m----> [39m[32m1[39m emission_counts, transition_counts, tag_counts = [43mcreate_dictionaries[49m[43m([49m[43mtraining_corpus[49m[43m,[49m[43m [49m[43mvocab[49m[43m)[49m

[36mCell[39m[36m [39m[32mIn[7][39m[32m, line 38[39m, in [36mcreate_dictionaries[39m[34m(training_corpus, vocab, verbose)[39m
[32m     33[39m     [38;5;28mprint[39m([33mf[39m[33m"[39m[33mword count = [39m[38;5;132;01m{[39;00mi[38;5;132;01m}[39;00m[33m"[39m)
[32m     35[39m [38;5;66;03m### START CODE HERE ###[39;00m
[32m     36[39m [38;5;66;03m# get the word and tag using the get_word_tag helper function (imported from utils_pos.py)[39;00m
[32m     37[39m [38;5;66;03m# the function is defined as: get_word_tag(line, vocab)[39;00m
[32m---> [39m[32m38[39m word, tag = [38;5;28;01mNone[39;00m
[32m     40[39m [38;5;66;03m# Increment the transition count for the previous word and tag[39;00m
[32m     41[39m transition_counts[(prev_tag, tag)] += [38;5;28;01mNone[39;00m

[31mTypeError[39m: cannot unpack non-iterable NoneType object

