Traceback (most recent call last):
  File "C:\Users\sangouda\Python\Lib\site-packages\jupyter_core\utils\__init__.py", line 154, in wrapped
    asyncio.get_running_loop()
RuntimeError: no running event loop

During handling of the above exception, another exception occurred:

Traceback (most recent call last):
  File "C:\Users\sangouda\Python\Lib\site-packages\jupyter_cache\executors\utils.py", line 58, in single_nb_execution
    executenb(
  File "C:\Users\sangouda\Python\Lib\site-packages\nbclient\client.py", line 1319, in execute
    return NotebookClient(nb=nb, resources=resources, km=km, **kwargs).execute()
           ^^^^^^^^^^^^^^^^^^^^^^^^^^^^^^^^^^^^^^^^^^^^^^^^^^^^^^^^^^^^^^^^^^^^^
  File "C:\Users\sangouda\Python\Lib\site-packages\jupyter_core\utils\__init__.py", line 158, in wrapped
    return loop.run_until_complete(inner)
           ^^^^^^^^^^^^^^^^^^^^^^^^^^^^^^
  File "C:\Users\sangouda\Python\Lib\asyncio\base_events.py", line 654, in run_until_complete
    return future.result()
           ^^^^^^^^^^^^^^^
  File "C:\Users\sangouda\Python\Lib\site-packages\nbclient\client.py", line 709, in async_execute
    await self.async_execute_cell(
  File "C:\Users\sangouda\Python\Lib\site-packages\nbclient\client.py", line 1062, in async_execute_cell
    await self._check_raise_for_error(cell, cell_index, exec_reply)
  File "C:\Users\sangouda\Python\Lib\site-packages\nbclient\client.py", line 918, in _check_raise_for_error
    raise CellExecutionError.from_cell_and_msg(cell, exec_reply_content)
nbclient.exceptions.CellExecutionError: An error occurred while executing the following cell:
------------------
import numpy as np
import matplotlib.pyplot as plt
import scipy.io
import math
import sklearn
import sklearn.datasets

from opt_utils_v1a import load_params_and_grads, initialize_parameters, forward_propagation, backward_propagation
from opt_utils_v1a import compute_cost, predict, predict_dec, plot_decision_boundary, load_dataset
from copy import deepcopy
from testCases import *
from public_tests import *

%matplotlib inline
plt.rcParams['figure.figsize'] = (7.0, 4.0) # set default size of plots
plt.rcParams['image.interpolation'] = 'nearest'
plt.rcParams['image.cmap'] = 'gray'

%load_ext autoreload
%autoreload 2
------------------


[31m---------------------------------------------------------------------------[39m
[31mModuleNotFoundError[39m                       Traceback (most recent call last)
[36mCell[39m[36m [39m[32mIn[2][39m[32m, line 12[39m
[32m     10[39m [38;5;28;01mfrom[39;00m[38;5;250m [39m[34;01mcopy[39;00m[38;5;250m [39m[38;5;28;01mimport[39;00m deepcopy
[32m     11[39m [38;5;28;01mfrom[39;00m[38;5;250m [39m[34;01mtestCases[39;00m[38;5;250m [39m[38;5;28;01mimport[39;00m *
[32m---> [39m[32m12[39m [38;5;28;01mfrom[39;00m[38;5;250m [39m[34;01mpublic_tests[39;00m[38;5;250m [39m[38;5;28;01mimport[39;00m *
[32m     14[39m get_ipython().run_line_magic([33m'[39m[33mmatplotlib[39m[33m'[39m, [33m'[39m[33minline[39m[33m'[39m)
[32m     15[39m plt.rcParams[[33m'[39m[33mfigure.figsize[39m[33m'[39m] = ([32m7.0[39m, [32m4.0[39m) [38;5;66;03m# set default size of plots[39;00m

[36mFile [39m[32mC:\Github\Coursera_Materials\coursera_notes\DLS\C2_W2\public_tests.py:4[39m
[32m      2[39m [38;5;28;01mfrom[39;00m[38;5;250m [39m[34;01mnumpy[39;00m[38;5;250m [39m[38;5;28;01mimport[39;00m array
[32m      3[39m [38;5;28;01mfrom[39;00m[38;5;250m [39m[34;01mtestCases[39;00m[38;5;250m [39m[38;5;28;01mimport[39;00m *
[32m----> [39m[32m4[39m [38;5;28;01mfrom[39;00m[38;5;250m [39m[34;01mdlai_tools[39;00m[34;01m.[39;00m[34;01mtesting_utils[39;00m[38;5;250m [39m[38;5;28;01mimport[39;00m single_test, multiple_test
[32m      6[39m [38;5;66;03m### ex 1         [39;00m
[32m      7[39m [38;5;28;01mdef[39;00m[38;5;250m [39m[34mupdate_parameters_with_gd_test[39m(target):

[31mModuleNotFoundError[39m: No module named 'dlai_tools'

