Traceback (most recent call last):
  File "C:\Users\sangouda\Python\Lib\site-packages\jupyter_core\utils\__init__.py", line 154, in wrapped
    asyncio.get_running_loop()
RuntimeError: no running event loop

During handling of the above exception, another exception occurred:

Traceback (most recent call last):
  File "C:\Users\sangouda\Python\Lib\site-packages\jupyter_cache\executors\utils.py", line 58, in single_nb_execution
    executenb(
  File "C:\Users\sangouda\Python\Lib\site-packages\nbclient\client.py", line 1319, in execute
    return NotebookClient(nb=nb, resources=resources, km=km, **kwargs).execute()
           ^^^^^^^^^^^^^^^^^^^^^^^^^^^^^^^^^^^^^^^^^^^^^^^^^^^^^^^^^^^^^^^^^^^^^
  File "C:\Users\sangouda\Python\Lib\site-packages\jupyter_core\utils\__init__.py", line 158, in wrapped
    return loop.run_until_complete(inner)
           ^^^^^^^^^^^^^^^^^^^^^^^^^^^^^^
  File "C:\Users\sangouda\Python\Lib\asyncio\base_events.py", line 654, in run_until_complete
    return future.result()
           ^^^^^^^^^^^^^^^
  File "C:\Users\sangouda\Python\Lib\site-packages\nbclient\client.py", line 709, in async_execute
    await self.async_execute_cell(
  File "C:\Users\sangouda\Python\Lib\site-packages\nbclient\client.py", line 1062, in async_execute_cell
    await self._check_raise_for_error(cell, cell_index, exec_reply)
  File "C:\Users\sangouda\Python\Lib\site-packages\nbclient\client.py", line 918, in _check_raise_for_error
    raise CellExecutionError.from_cell_and_msg(cell, exec_reply_content)
nbclient.exceptions.CellExecutionError: An error occurred while executing the following cell:
------------------
# Here you have two main directories: one for train and one for test data.
# You load files from each to create training and test datasets.

# Create the training set. Use 80% of the data and keep the remaining 20% for the validation.
raw_training_set = tf.keras.utils.text_dataset_from_directory(
    f'{data_dir}/train',
    labels='inferred',
    label_mode='int',
    batch_size=32, 
    validation_split=0.2, 
    subset='training', 
    seed=seed
)

# Create the validation set. Use 20% of the data that was not used for training.
raw_validation_set = tf.keras.utils.text_dataset_from_directory(
    f'{data_dir}/train',
    labels='inferred',
    label_mode='int',
    batch_size=32, 
    validation_split=0.2, 
    subset='validation', 
    seed=seed
)

# Create the test set.
raw_test_set = tf.keras.utils.text_dataset_from_directory(
    f'{data_dir}/test',
    labels='inferred',
    label_mode='int',
    batch_size=32,
)
------------------


[31m-------------------------------------------------------------------------[39m
[31mNotFoundError[39m                           Traceback (most recent call last)
[36mCell[39m[36m [39m[32mIn[4][39m[32m, line 5[39m
[32m      1[39m [38;5;66;03m# Here you have two main directories: one for train and one for test data.[39;00m
[32m      2[39m [38;5;66;03m# You load files from each to create training and test datasets.[39;00m
[32m      3[39m 
[32m      4[39m [38;5;66;03m# Create the training set. Use 80% of the data and keep the remaining 20% for the validation.[39;00m
[32m----> [39m[32m5[39m raw_training_set = [43mtf[49m[43m.[49m[43mkeras[49m[43m.[49m[43mutils[49m[43m.[49m[43mtext_dataset_from_directory[49m[43m([49m
[32m      6[39m [43m    [49m[33;43mf[39;49m[33;43m'[39;49m[38;5;132;43;01m{[39;49;00m[43mdata_dir[49m[38;5;132;43;01m}[39;49;00m[33;43m/train[39;49m[33;43m'[39;49m[43m,[49m
[32m      7[39m [43m    [49m[43mlabels[49m[43m=[49m[33;43m'[39;49m[33;43minferred[39;49m[33;43m'[39;49m[43m,[49m
[32m      8[39m [43m    [49m[43mlabel_mode[49m[43m=[49m[33;43m'[39;49m[33;43mint[39;49m[33;43m'[39;49m[43m,[49m
[32m      9[39m [43m    [49m[43mbatch_size[49m[43m=[49m[32;43m32[39;49m[43m,[49m[43m [49m
[32m     10[39m [43m    [49m[43mvalidation_split[49m[43m=[49m[32;43m0.2[39;49m[43m,[49m[43m [49m
[32m     11[39m [43m    [49m[43msubset[49m[43m=[49m[33;43m'[39;49m[33;43mtraining[39;49m[33;43m'[39;49m[43m,[49m[43m [49m
[32m     12[39m [43m    [49m[43mseed[49m[43m=[49m[43mseed[49m
[32m     13[39m [43m)[49m
[32m     15[39m [38;5;66;03m# Create the validation set. Use 20% of the data that was not used for training.[39;00m
[32m     16[39m raw_validation_set = tf.keras.utils.text_dataset_from_directory(
[32m     17[39m     [33mf[39m[33m'[39m[38;5;132;01m{[39;00mdata_dir[38;5;132;01m}[39;00m[33m/train[39m[33m'[39m,
[32m     18[39m     labels=[33m'[39m[33minferred[39m[33m'[39m,
[32m   (...)[39m[32m     23[39m     seed=seed
[32m     24[39m )

[36mFile [39m[32m~\Python\Lib\site-packages\keras\src\utils\text_dataset_utils.py:149[39m, in [36mtext_dataset_from_directory[39m[34m(directory, labels, label_mode, class_names, batch_size, max_length, shuffle, seed, validation_split, subset, follow_links, verbose)[39m
[32m    147[39m [38;5;28;01mif[39;00m seed [38;5;129;01mis[39;00m [38;5;28;01mNone[39;00m:
[32m    148[39m     seed = np.random.randint([32m1e6[39m)
[32m--> [39m[32m149[39m file_paths, labels, class_names = [43mdataset_utils[49m[43m.[49m[43mindex_directory[49m[43m([49m
[32m    150[39m [43m    [49m[43mdirectory[49m[43m,[49m
[32m    151[39m [43m    [49m[43mlabels[49m[43m,[49m
[32m    152[39m [43m    [49m[43mformats[49m[43m=[49m[43m([49m[33;43m"[39;49m[33;43m.txt[39;49m[33;43m"[39;49m[43m,[49m[43m)[49m[43m,[49m
[32m    153[39m [43m    [49m[43mclass_names[49m[43m=[49m[43mclass_names[49m[43m,[49m
[32m    154[39m [43m    [49m[43mshuffle[49m[43m=[49m[43mshuffle[49m[43m,[49m
[32m    155[39m [43m    [49m[43mseed[49m[43m=[49m[43mseed[49m[43m,[49m
[32m    156[39m [43m    [49m[43mfollow_links[49m[43m=[49m[43mfollow_links[49m[43m,[49m
[32m    157[39m [43m    [49m[43mverbose[49m[43m=[49m[43mverbose[49m[43m,[49m
[32m    158[39m [43m[49m[43m)[49m
[32m    160[39m [38;5;28;01mif[39;00m label_mode == [33m"[39m[33mbinary[39m[33m"[39m [38;5;129;01mand[39;00m [38;5;28mlen[39m(class_names) != [32m2[39m:
[32m    161[39m     [38;5;28;01mraise[39;00m [38;5;167;01mValueError[39;00m(
[32m    162[39m         [33m'[39m[33mWhen passing `label_mode=[39m[33m"[39m[33mbinary[39m[33m"[39m[33m`, there must be exactly 2 [39m[33m'[39m
[32m    163[39m         [33mf[39m[33m"[39m[33mclass_names. Received: class_names=[39m[38;5;132;01m{[39;00mclass_names[38;5;132;01m}[39;00m[33m"[39m
[32m    164[39m     )

[36mFile [39m[32m~\Python\Lib\site-packages\keras\src\utils\dataset_utils.py:530[39m, in [36mindex_directory[39m[34m(directory, labels, formats, class_names, shuffle, seed, follow_links, verbose)[39m
[32m    528[39m [38;5;28;01mif[39;00m labels == [33m"[39m[33minferred[39m[33m"[39m:
[32m    529[39m     subdirs = []
[32m--> [39m[32m530[39m     [38;5;28;01mfor[39;00m subdir [38;5;129;01min[39;00m [38;5;28msorted[39m([43mtf[49m[43m.[49m[43mio[49m[43m.[49m[43mgfile[49m[43m.[49m[43mlistdir[49m[43m([49m[43mdirectory[49m[43m)[49m):
[32m    531[39m         [38;5;28;01mif[39;00m tf.io.gfile.isdir(tf.io.gfile.join(directory, subdir)):
[32m    532[39m             [38;5;28;01mif[39;00m [38;5;129;01mnot[39;00m subdir.startswith([33m"[39m[33m.[39m[33m"[39m):

[36mFile [39m[32m~\Python\Lib\site-packages\tensorflow\python\lib\io\file_io.py:768[39m, in [36mlist_directory_v2[39m[34m(path)[39m
[32m    753[39m [38;5;250m[39m[33;03m"""Returns a list of entries contained within a directory.[39;00m
[32m    754[39m 
[32m    755[39m [33;03mThe list is in arbitrary order. It does not contain the special entries "."[39;00m
[32m   (...)[39m[32m    765[39m [33;03m  errors.NotFoundError if directory doesn't exist[39;00m
[32m    766[39m [33;03m"""[39;00m
[32m    767[39m [38;5;28;01mif[39;00m [38;5;129;01mnot[39;00m is_directory(path):
[32m--> [39m[32m768[39m   [38;5;28;01mraise[39;00m errors.NotFoundError(
[32m    769[39m       node_def=[38;5;28;01mNone[39;00m,
[32m    770[39m       op=[38;5;28;01mNone[39;00m,
[32m    771[39m       message=[33m"[39m[33mCould not find directory [39m[38;5;132;01m{}[39;00m[33m"[39m.format(path))
[32m    773[39m [38;5;66;03m# Convert each element to string, since the return values of the[39;00m
[32m    774[39m [38;5;66;03m# vector of string should be interpreted as strings, not bytes.[39;00m
[32m    775[39m [38;5;28;01mreturn[39;00m [
[32m    776[39m     compat.as_str_any(filename)
[32m    777[39m     [38;5;28;01mfor[39;00m filename [38;5;129;01min[39;00m _pywrap_file_io.GetChildren(compat.path_to_bytes(path))
[32m    778[39m ]

[31mNotFoundError[39m: Could not find directory ./data/aclImdb/train

