Traceback (most recent call last):
  File "C:\Users\sangouda\Python\Lib\site-packages\jupyter_core\utils\__init__.py", line 154, in wrapped
    asyncio.get_running_loop()
RuntimeError: no running event loop

During handling of the above exception, another exception occurred:

Traceback (most recent call last):
  File "C:\Users\sangouda\Python\Lib\site-packages\jupyter_cache\executors\utils.py", line 58, in single_nb_execution
    executenb(
  File "C:\Users\sangouda\Python\Lib\site-packages\nbclient\client.py", line 1319, in execute
    return NotebookClient(nb=nb, resources=resources, km=km, **kwargs).execute()
           ^^^^^^^^^^^^^^^^^^^^^^^^^^^^^^^^^^^^^^^^^^^^^^^^^^^^^^^^^^^^^^^^^^^^^
  File "C:\Users\sangouda\Python\Lib\site-packages\jupyter_core\utils\__init__.py", line 158, in wrapped
    return loop.run_until_complete(inner)
           ^^^^^^^^^^^^^^^^^^^^^^^^^^^^^^
  File "C:\Users\sangouda\Python\Lib\asyncio\base_events.py", line 654, in run_until_complete
    return future.result()
           ^^^^^^^^^^^^^^^
  File "C:\Users\sangouda\Python\Lib\site-packages\nbclient\client.py", line 709, in async_execute
    await self.async_execute_cell(
  File "C:\Users\sangouda\Python\Lib\site-packages\nbclient\client.py", line 1062, in async_execute_cell
    await self._check_raise_for_error(cell, cell_index, exec_reply)
  File "C:\Users\sangouda\Python\Lib\site-packages\nbclient\client.py", line 918, in _check_raise_for_error
    raise CellExecutionError.from_cell_and_msg(cell, exec_reply_content)
nbclient.exceptions.CellExecutionError: An error occurred while executing the following cell:
------------------
import os
os.environ['TF_CPP_MIN_LOG_LEVEL'] = '3'

import numpy as np
import tensorflow as tf
import matplotlib.pyplot as plt
from sklearn.decomposition import PCA

from utils import load_tweets, process_tweet

%matplotlib inline
------------------


[31m-------------------------------------------------------------------------[39m
[31mModuleNotFoundError[39m                     Traceback (most recent call last)
[36mCell[39m[36m [39m[32mIn[1][39m[32m, line 9[39m
[32m      6[39m [38;5;28;01mimport[39;00m[38;5;250m [39m[34;01mmatplotlib[39;00m[34;01m.[39;00m[34;01mpyplot[39;00m[38;5;250m [39m[38;5;28;01mas[39;00m[38;5;250m [39m[34;01mplt[39;00m
[32m      7[39m [38;5;28;01mfrom[39;00m[38;5;250m [39m[34;01msklearn[39;00m[34;01m.[39;00m[34;01mdecomposition[39;00m[38;5;250m [39m[38;5;28;01mimport[39;00m PCA
[32m----> [39m[32m9[39m [38;5;28;01mfrom[39;00m[38;5;250m [39m[34;01mutils[39;00m[38;5;250m [39m[38;5;28;01mimport[39;00m load_tweets, process_tweet
[32m     11[39m get_ipython().run_line_magic([33m'[39m[33mmatplotlib[39m[33m'[39m, [33m'[39m[33minline[39m[33m'[39m)

[36mFile [39m[32mC:\Github\Coursera_Materials\coursera_notes\NLP\C3_W1\utils.py:3[39m
[32m      1[39m [38;5;28;01mimport[39;00m[38;5;250m [39m[34;01mstring[39;00m
[32m      2[39m [38;5;28;01mimport[39;00m[38;5;250m [39m[34;01mre[39;00m
[32m----> [39m[32m3[39m [38;5;28;01mimport[39;00m[38;5;250m [39m[34;01mnltk[39;00m
[32m      4[39m [38;5;66;03m#nltk.download('twitter_samples')[39;00m
[32m      5[39m [38;5;66;03m#nltk.download('stopwords')[39;00m
[32m      6[39m [38;5;66;03m#nltk.download('averaged_perceptron_tagger')[39;00m
[32m      7[39m [38;5;66;03m#nltk.download('wordnet')[39;00m
[32m      9[39m [38;5;28;01mfrom[39;00m[38;5;250m [39m[34;01mnltk[39;00m[34;01m.[39;00m[34;01mtokenize[39;00m[38;5;250m [39m[38;5;28;01mimport[39;00m TweetTokenizer

[31mModuleNotFoundError[39m: No module named 'nltk'

