Traceback (most recent call last):
  File "C:\Users\sangouda\python_apps\Lib\site-packages\jupyter_cache\executors\utils.py", line 58, in single_nb_execution
    executenb(
  File "C:\Users\sangouda\python_apps\Lib\site-packages\nbclient\client.py", line 1319, in execute
    return NotebookClient(nb=nb, resources=resources, km=km, **kwargs).execute()
           ^^^^^^^^^^^^^^^^^^^^^^^^^^^^^^^^^^^^^^^^^^^^^^^^^^^^^^^^^^^^^^^^^^^^^
  File "C:\Users\sangouda\python_apps\Lib\site-packages\jupyter_core\utils\__init__.py", line 165, in wrapped
    return loop.run_until_complete(inner)
           ^^^^^^^^^^^^^^^^^^^^^^^^^^^^^^
  File "C:\Users\sangouda\python_apps\Lib\asyncio\base_events.py", line 691, in run_until_complete
    return future.result()
           ^^^^^^^^^^^^^^^
  File "C:\Users\sangouda\python_apps\Lib\site-packages\nbclient\client.py", line 709, in async_execute
    await self.async_execute_cell(
  File "C:\Users\sangouda\python_apps\Lib\site-packages\nbclient\client.py", line 1062, in async_execute_cell
    await self._check_raise_for_error(cell, cell_index, exec_reply)
  File "C:\Users\sangouda\python_apps\Lib\site-packages\nbclient\client.py", line 918, in _check_raise_for_error
    raise CellExecutionError.from_cell_and_msg(cell, exec_reply_content)
nbclient.exceptions.CellExecutionError: An error occurred while executing the following cell:
------------------
### you cannot edit this cell

# tf.keras.backend.set_learning_phase(False)  # Deprecated in newer TensorFlow versions

np.random.seed(1)
tf.random.set_seed(2)
X1 = np.ones((1, 4, 4, 3)) * -1
X2 = np.ones((1, 4, 4, 3)) * 1
X3 = np.ones((1, 4, 4, 3)) * 3

X = np.concatenate((X1, X2, X3), axis = 0).astype(np.float32)

A3 = identity_block(X, f=2, filters=[4, 4, 3],
                   initializer=lambda seed=0:constant(value=1))
print('\033[1mWith training=False\033[0m\n')
A3np = A3.numpy()
print(np.around(A3.numpy()[:,(0,-1),:,:].mean(axis = 3), 5))
resume = A3np[:,(0,-1),:,:].mean(axis = 3)
print(resume[1, 1, 0])

# tf.keras.backend.set_learning_phase(True)  # Deprecated in newer TensorFlow versions

print('\n\033[1mWith training=True\033[0m\n')
np.random.seed(1)
tf.random.set_seed(2)
A4 = identity_block(X, f=2, filters=[3, 3, 3],
                   initializer=lambda seed=0:constant(value=1))
print(np.around(A4.numpy()[:,(0,-1),:,:].mean(axis = 3), 5))

public_tests.identity_block_test(identity_block)
------------------


[31m---------------------------------------------------------------------------[39m
[31mTypeError[39m                                 Traceback (most recent call last)
[36mCell[39m[36m [39m[32mIn[4][39m[32m, line 13[39m
[32m      9[39m X3 = np.ones(([32m1[39m, [32m4[39m, [32m4[39m, [32m3[39m)) * [32m3[39m
[32m     11[39m X = np.concatenate((X1, X2, X3), axis = [32m0[39m).astype(np.float32)
[32m---> [39m[32m13[39m A3 = [43midentity_block[49m[43m([49m[43mX[49m[43m,[49m[43m [49m[43mf[49m[43m=[49m[32;43m2[39;49m[43m,[49m[43m [49m[43mfilters[49m[43m=[49m[43m[[49m[32;43m4[39;49m[43m,[49m[43m [49m[32;43m4[39;49m[43m,[49m[43m [49m[32;43m3[39;49m[43m][49m[43m,[49m
[32m     14[39m [43m                   [49m[43minitializer[49m[43m=[49m[38;5;28;43;01mlambda[39;49;00m[43m [49m[43mseed[49m[43m=[49m[32;43m0[39;49m[43m:[49m[43mconstant[49m[43m([49m[43mvalue[49m[43m=[49m[32;43m1[39;49m[43m)[49m[43m)[49m
[32m     15[39m [38;5;28mprint[39m([33m'[39m[38;5;130;01m\033[39;00m[33m[1mWith training=False[39m[38;5;130;01m\033[39;00m[33m[0m[39m[38;5;130;01m\n[39;00m[33m'[39m)
[32m     16[39m A3np = A3.numpy()

[36mCell[39m[36m [39m[32mIn[3][39m[32m, line 27[39m, in [36midentity_block[39m[34m(X, f, filters, training, initializer)[39m
[32m     25[39m [38;5;66;03m# First component of main path[39;00m
[32m     26[39m X = Conv2D(filters = F1, kernel_size = [32m1[39m, strides = ([32m1[39m,[32m1[39m), padding = [33m'[39m[33mvalid[39m[33m'[39m, kernel_initializer = initializer(seed=[32m0[39m))(X)
[32m---> [39m[32m27[39m X = [43mBatchNormalization[49m[43m([49m[43maxis[49m[43m [49m[43m=[49m[43m [49m[32;43m3[39;49m[43m)[49m[43m([49m[43mX[49m[43m)[49m [38;5;66;03m# Default axis[39;00m
[32m     28[39m X = Activation([33m'[39m[33mrelu[39m[33m'[39m)(X)
[32m     30[39m [38;5;66;03m### START CODE HERE[39;00m
[32m     31[39m [38;5;66;03m## Second component of main path (≈3 lines)[39;00m
[32m     32[39m [38;5;66;03m## Set the padding = 'same'[39;00m

[36mFile [39m[32m~\AppData\Roaming\Python\Python312\site-packages\keras\src\utils\traceback_utils.py:122[39m, in [36mfilter_traceback.<locals>.error_handler[39m[34m(*args, **kwargs)[39m
[32m    119[39m     filtered_tb = _process_traceback_frames(e.__traceback__)
[32m    120[39m     [38;5;66;03m# To get the full stack trace, call:[39;00m
[32m    121[39m     [38;5;66;03m# `keras.config.disable_traceback_filtering()`[39;00m
[32m--> [39m[32m122[39m     [38;5;28;01mraise[39;00m e.with_traceback(filtered_tb) [38;5;28;01mfrom[39;00m[38;5;250m [39m[38;5;28;01mNone[39;00m
[32m    123[39m [38;5;28;01mfinally[39;00m:
[32m    124[39m     [38;5;28;01mdel[39;00m filtered_tb

[36mFile [39m[32m~\python_apps\Lib\inspect.py:3280[39m, in [36mSignature.bind[39m[34m(self, *args, **kwargs)[39m
[32m   3275[39m [38;5;28;01mdef[39;00m[38;5;250m [39m[34mbind[39m([38;5;28mself[39m, /, *args, **kwargs):
[32m   3276[39m [38;5;250m    [39m[33;03m"""Get a BoundArguments object, that maps the passed `args`[39;00m
[32m   3277[39m [33;03m    and `kwargs` to the function's signature.  Raises `TypeError`[39;00m
[32m   3278[39m [33;03m    if the passed arguments can not be bound.[39;00m
[32m   3279[39m [33;03m    """[39;00m
[32m-> [39m[32m3280[39m     [38;5;28;01mreturn[39;00m [38;5;28;43mself[39;49m[43m.[49m[43m_bind[49m[43m([49m[43margs[49m[43m,[49m[43m [49m[43mkwargs[49m[43m)[49m

[36mFile [39m[32m~\python_apps\Lib\inspect.py:3193[39m, in [36mSignature._bind[39m[34m(self, args, kwargs, partial)[39m
[32m   3191[39m                 msg = [33m'[39m[33mmissing a required[39m[38;5;132;01m{argtype}[39;00m[33m argument: [39m[38;5;132;01m{arg!r}[39;00m[33m'[39m
[32m   3192[39m                 msg = msg.format(arg=param.name, argtype=argtype)
[32m-> [39m[32m3193[39m                 [38;5;28;01mraise[39;00m [38;5;167;01mTypeError[39;00m(msg) [38;5;28;01mfrom[39;00m[38;5;250m [39m[38;5;28;01mNone[39;00m
[32m   3194[39m [38;5;28;01melse[39;00m:
[32m   3195[39m     [38;5;66;03m# We have a positional argument to process[39;00m
[32m   3196[39m     [38;5;28;01mtry[39;00m:

[31mTypeError[39m: missing a required argument: 'training'

