Traceback (most recent call last):
  File "C:\Users\sangouda\python_apps\Lib\site-packages\jupyter_cache\executors\utils.py", line 58, in single_nb_execution
    executenb(
  File "C:\Users\sangouda\python_apps\Lib\site-packages\nbclient\client.py", line 1319, in execute
    return NotebookClient(nb=nb, resources=resources, km=km, **kwargs).execute()
           ^^^^^^^^^^^^^^^^^^^^^^^^^^^^^^^^^^^^^^^^^^^^^^^^^^^^^^^^^^^^^^^^^^^^^
  File "C:\Users\sangouda\python_apps\Lib\site-packages\jupyter_core\utils\__init__.py", line 165, in wrapped
    return loop.run_until_complete(inner)
           ^^^^^^^^^^^^^^^^^^^^^^^^^^^^^^
  File "C:\Users\sangouda\python_apps\Lib\asyncio\base_events.py", line 691, in run_until_complete
    return future.result()
           ^^^^^^^^^^^^^^^
  File "C:\Users\sangouda\python_apps\Lib\site-packages\nbclient\client.py", line 709, in async_execute
    await self.async_execute_cell(
  File "C:\Users\sangouda\python_apps\Lib\site-packages\nbclient\client.py", line 1062, in async_execute_cell
    await self._check_raise_for_error(cell, cell_index, exec_reply)
  File "C:\Users\sangouda\python_apps\Lib\site-packages\nbclient\client.py", line 918, in _check_raise_for_error
    raise CellExecutionError.from_cell_and_msg(cell, exec_reply_content)
nbclient.exceptions.CellExecutionError: An error occurred while executing the following cell:
------------------
augmenter = data_augmenter()

assert(augmenter.layers[0].name.startswith('random_flip')), "First layer must be RandomFlip"
assert augmenter.layers[0].mode == 'horizontal', "RadomFlip parameter must be horizontal"
assert(augmenter.layers[1].name.startswith('random_rotation')), "Second layer must be RandomRotation"
assert augmenter.layers[1].factor == 0.2, "Rotation factor must be 0.2"
assert len(augmenter.layers) == 2, "The model must have only 2 layers"

print('\033[92mAll tests passed!')

------------------


[31m---------------------------------------------------------------------------[39m
[31mAssertionError[39m                            Traceback (most recent call last)
[36mCell[39m[36m [39m[32mIn[7][39m[32m, line 6[39m
[32m      4[39m [38;5;28;01massert[39;00m augmenter.layers[[32m0[39m].mode == [33m'[39m[33mhorizontal[39m[33m'[39m, [33m"[39m[33mRadomFlip parameter must be horizontal[39m[33m"[39m
[32m      5[39m [38;5;28;01massert[39;00m(augmenter.layers[[32m1[39m].name.startswith([33m'[39m[33mrandom_rotation[39m[33m'[39m)), [33m"[39m[33mSecond layer must be RandomRotation[39m[33m"[39m
[32m----> [39m[32m6[39m [38;5;28;01massert[39;00m augmenter.layers[[32m1[39m].factor == [32m0.2[39m, [33m"[39m[33mRotation factor must be 0.2[39m[33m"[39m
[32m      7[39m [38;5;28;01massert[39;00m [38;5;28mlen[39m(augmenter.layers) == [32m2[39m, [33m"[39m[33mThe model must have only 2 layers[39m[33m"[39m
[32m      9[39m [38;5;28mprint[39m([33m'[39m[38;5;130;01m\033[39;00m[33m[92mAll tests passed![39m[33m'[39m)

[31mAssertionError[39m: Rotation factor must be 0.2

