Traceback (most recent call last):
  File "C:\Users\sangouda\AppData\Local\anaconda3\envs\myenv\lib\site-packages\jupyter_cache\executors\utils.py", line 58, in single_nb_execution
    executenb(
  File "C:\Users\sangouda\AppData\Local\anaconda3\envs\myenv\lib\site-packages\nbclient\client.py", line 1319, in execute
    return NotebookClient(nb=nb, resources=resources, km=km, **kwargs).execute()
  File "C:\Users\sangouda\AppData\Local\anaconda3\envs\myenv\lib\site-packages\jupyter_core\utils\__init__.py", line 165, in wrapped
    return loop.run_until_complete(inner)
  File "C:\Users\sangouda\AppData\Local\anaconda3\envs\myenv\lib\asyncio\base_events.py", line 649, in run_until_complete
    return future.result()
  File "C:\Users\sangouda\AppData\Local\anaconda3\envs\myenv\lib\site-packages\nbclient\client.py", line 709, in async_execute
    await self.async_execute_cell(
  File "C:\Users\sangouda\AppData\Local\anaconda3\envs\myenv\lib\site-packages\nbclient\client.py", line 1062, in async_execute_cell
    await self._check_raise_for_error(cell, cell_index, exec_reply)
  File "C:\Users\sangouda\AppData\Local\anaconda3\envs\myenv\lib\site-packages\nbclient\client.py", line 918, in _check_raise_for_error
    raise CellExecutionError.from_cell_and_msg(cell, exec_reply_content)
nbclient.exceptions.CellExecutionError: An error occurred while executing the following cell:
------------------
# UNIT TESTS
from public_tests import *

test_c1(model)
------------------


[1;31m---------------------------------------------------------------------------[0m
[1;31mAttributeError[0m                            Traceback (most recent call last)
Cell [1;32mIn[9], line 4[0m
[0;32m      1[0m [38;5;66;03m# UNIT TESTS[39;00m
[0;32m      2[0m [38;5;28;01mfrom[39;00m[38;5;250m [39m[38;5;21;01mpublic_tests[39;00m[38;5;250m [39m[38;5;28;01mimport[39;00m [38;5;241m*[39m
[1;32m----> 4[0m [43mtest_c1[49m[43m([49m[43mmodel[49m[43m)[49m

File [1;32mC:\Github\Coursera_Materials\coursera_notes\MLS\C2_W1\public_tests.py:10[0m, in [0;36mtest_c1[1;34m(target)[0m
[0;32m      7[0m [38;5;28;01mdef[39;00m[38;5;250m [39m[38;5;21mtest_c1[39m(target):
[0;32m      8[0m     [38;5;28;01massert[39;00m [38;5;28mlen[39m(target[38;5;241m.[39mlayers) [38;5;241m==[39m [38;5;241m3[39m, \
[0;32m      9[0m         [38;5;124mf[39m[38;5;124m"[39m[38;5;124mWrong number of layers. Expected 3 but got [39m[38;5;132;01m{[39;00m[38;5;28mlen[39m(target[38;5;241m.[39mlayers)[38;5;132;01m}[39;00m[38;5;124m"[39m
[1;32m---> 10[0m     [38;5;28;01massert[39;00m [43mtarget[49m[38;5;241;43m.[39;49m[43minput[49m[38;5;241m.[39mshape[38;5;241m.[39mas_list() [38;5;241m==[39m [[38;5;28;01mNone[39;00m, [38;5;241m400[39m], \
[0;32m     11[0m         [38;5;124mf[39m[38;5;124m"[39m[38;5;124mWrong input shape. Expected [None,  400] but got [39m[38;5;132;01m{[39;00mtarget[38;5;241m.[39minput[38;5;241m.[39mshape[38;5;241m.[39mas_list()[38;5;132;01m}[39;00m[38;5;124m"[39m
[0;32m     12[0m     i [38;5;241m=[39m [38;5;241m0[39m
[0;32m     13[0m     expected [38;5;241m=[39m [[Dense, [[38;5;28;01mNone[39;00m, [38;5;241m25[39m], tf_keras_sigmoid],
[0;32m     14[0m                 [Dense, [[38;5;28;01mNone[39;00m, [38;5;241m15[39m], tf_keras_sigmoid],
[0;32m     15[0m                 [Dense, [[38;5;28;01mNone[39;00m, [38;5;241m1[39m], tf_keras_sigmoid]]

File [1;32m~\AppData\Local\anaconda3\envs\myenv\lib\site-packages\keras\src\ops\operation.py:275[0m, in [0;36mOperation.input[1;34m(self)[0m
[0;32m    265[0m [38;5;129m@property[39m
[0;32m    266[0m [38;5;28;01mdef[39;00m[38;5;250m [39m[38;5;21minput[39m([38;5;28mself[39m):
[0;32m    267[0m [38;5;250m    [39m[38;5;124;03m"""Retrieves the input tensor(s) of a symbolic operation.[39;00m
[0;32m    268[0m 
[0;32m    269[0m [38;5;124;03m    Only returns the tensor(s) corresponding to the *first time*[39;00m
[1;32m   (...)[0m
[0;32m    273[0m [38;5;124;03m        Input tensor or list of input tensors.[39;00m
[0;32m    274[0m [38;5;124;03m    """[39;00m
[1;32m--> 275[0m     [38;5;28;01mreturn[39;00m [38;5;28;43mself[39;49m[38;5;241;43m.[39;49m[43m_get_node_attribute_at_index[49m[43m([49m[38;5;241;43m0[39;49m[43m,[49m[43m [49m[38;5;124;43m"[39;49m[38;5;124;43minput_tensors[39;49m[38;5;124;43m"[39;49m[43m,[49m[43m [49m[38;5;124;43m"[39;49m[38;5;124;43minput[39;49m[38;5;124;43m"[39;49m[43m)[49m

File [1;32m~\AppData\Local\anaconda3\envs\myenv\lib\site-packages\keras\src\ops\operation.py:306[0m, in [0;36mOperation._get_node_attribute_at_index[1;34m(self, node_index, attr, attr_name)[0m
[0;32m    290[0m [38;5;250m[39m[38;5;124;03m"""Private utility to retrieves an attribute (e.g. inputs) from a node.[39;00m
[0;32m    291[0m 
[0;32m    292[0m [38;5;124;03mThis is used to implement the properties:[39;00m
[1;32m   (...)[0m
[0;32m    303[0m [38;5;124;03m    The operation's attribute `attr` at the node of index `node_index`.[39;00m
[0;32m    304[0m [38;5;124;03m"""[39;00m
[0;32m    305[0m [38;5;28;01mif[39;00m [38;5;129;01mnot[39;00m [38;5;28mself[39m[38;5;241m.[39m_inbound_nodes:
[1;32m--> 306[0m     [38;5;28;01mraise[39;00m [38;5;167;01mAttributeError[39;00m(
[0;32m    307[0m         [38;5;124mf[39m[38;5;124m"[39m[38;5;124mThe layer [39m[38;5;132;01m{[39;00m[38;5;28mself[39m[38;5;241m.[39mname[38;5;132;01m}[39;00m[38;5;124m has never been called [39m[38;5;124m"[39m
[0;32m    308[0m         [38;5;124mf[39m[38;5;124m"[39m[38;5;124mand thus has no defined [39m[38;5;132;01m{[39;00mattr_name[38;5;132;01m}[39;00m[38;5;124m.[39m[38;5;124m"[39m
[0;32m    309[0m     )
[0;32m    310[0m [38;5;28;01mif[39;00m [38;5;129;01mnot[39;00m [38;5;28mlen[39m([38;5;28mself[39m[38;5;241m.[39m_inbound_nodes) [38;5;241m>[39m node_index:
[0;32m    311[0m     [38;5;28;01mraise[39;00m [38;5;167;01mValueError[39;00m(
[0;32m    312[0m         [38;5;124mf[39m[38;5;124m"[39m[38;5;124mAsked to get [39m[38;5;132;01m{[39;00mattr_name[38;5;132;01m}[39;00m[38;5;124m at node [39m[38;5;124m"[39m
[0;32m    313[0m         [38;5;124mf[39m[38;5;124m"[39m[38;5;132;01m{[39;00mnode_index[38;5;132;01m}[39;00m[38;5;124m, but the operation has only [39m[38;5;124m"[39m
[0;32m    314[0m         [38;5;124mf[39m[38;5;124m"[39m[38;5;132;01m{[39;00m[38;5;28mlen[39m([38;5;28mself[39m[38;5;241m.[39m_inbound_nodes)[38;5;132;01m}[39;00m[38;5;124m inbound nodes.[39m[38;5;124m"[39m
[0;32m    315[0m     )

[1;31mAttributeError[0m: The layer my_model has never been called and thus has no defined input.

