Traceback (most recent call last):
  File "C:\Users\sangouda\python_apps\Lib\site-packages\jupyter_cache\executors\utils.py", line 58, in single_nb_execution
    executenb(
  File "C:\Users\sangouda\python_apps\Lib\site-packages\nbclient\client.py", line 1319, in execute
    return NotebookClient(nb=nb, resources=resources, km=km, **kwargs).execute()
           ^^^^^^^^^^^^^^^^^^^^^^^^^^^^^^^^^^^^^^^^^^^^^^^^^^^^^^^^^^^^^^^^^^^^^
  File "C:\Users\sangouda\python_apps\Lib\site-packages\jupyter_core\utils\__init__.py", line 165, in wrapped
    return loop.run_until_complete(inner)
           ^^^^^^^^^^^^^^^^^^^^^^^^^^^^^^
  File "C:\Users\sangouda\python_apps\Lib\asyncio\base_events.py", line 691, in run_until_complete
    return future.result()
           ^^^^^^^^^^^^^^^
  File "C:\Users\sangouda\python_apps\Lib\site-packages\nbclient\client.py", line 709, in async_execute
    await self.async_execute_cell(
  File "C:\Users\sangouda\python_apps\Lib\site-packages\nbclient\client.py", line 1062, in async_execute_cell
    await self._check_raise_for_error(cell, cell_index, exec_reply)
  File "C:\Users\sangouda\python_apps\Lib\site-packages\nbclient\client.py", line 918, in _check_raise_for_error
    raise CellExecutionError.from_cell_and_msg(cell, exec_reply_content)
nbclient.exceptions.CellExecutionError: An error occurred while executing the following cell:
------------------
# Test your function
w2_unittest.test_train_naive_bayes(train_naive_bayes, freqs, train_x, train_y)
------------------

----- stdout -----
Wrong number of keys in loglikelihood dictionary. 
	Expected: 9147.
	Got: 9143.
------------------

[31m---------------------------------------------------------------------------[39m
[31mKeyError[39m                                  Traceback (most recent call last)
[36mCell[39m[36m [39m[32mIn[11][39m[32m, line 2[39m
[32m      1[39m [38;5;66;03m# Test your function[39;00m
[32m----> [39m[32m2[39m [43mw2_unittest[49m[43m.[49m[43mtest_train_naive_bayes[49m[43m([49m[43mtrain_naive_bayes[49m[43m,[49m[43m [49m[43mfreqs[49m[43m,[49m[43m [49m[43mtrain_x[49m[43m,[49m[43m [49m[43mtrain_y[49m[43m)[49m

[36mFile [39m[32mC:\Github\Coursera_Materials\coursera_notes\NLP\C1_W2\w2_unittest.py:371[39m, in [36mtest_train_naive_bayes[39m[34m(target, freqs, train_x, train_y)[39m
[32m    368[39m count_good = [32m0[39m
[32m    369[39m [38;5;28;01mfor[39;00m key, value [38;5;129;01min[39;00m test_case[[33m"[39m[33mexpected[39m[33m"[39m][[33m"[39m[33mloglikelihood[39m[33m"[39m].items():
[32m--> [39m[32m371[39m     [38;5;28;01mif[39;00m np.isclose([43mresult2[49m[43m[[49m[43mkey[49m[43m][49m, value):
[32m    372[39m         count_good += [32m1[39m
[32m    374[39m [38;5;28;01mtry[39;00m:

[31mKeyError[39m: 'ध'

