Traceback (most recent call last):
  File "C:\Users\sangouda\python_apps\Lib\site-packages\jupyter_cache\executors\utils.py", line 58, in single_nb_execution
    executenb(
  File "C:\Users\sangouda\python_apps\Lib\site-packages\nbclient\client.py", line 1319, in execute
    return NotebookClient(nb=nb, resources=resources, km=km, **kwargs).execute()
           ^^^^^^^^^^^^^^^^^^^^^^^^^^^^^^^^^^^^^^^^^^^^^^^^^^^^^^^^^^^^^^^^^^^^^
  File "C:\Users\sangouda\python_apps\Lib\site-packages\jupyter_core\utils\__init__.py", line 165, in wrapped
    return loop.run_until_complete(inner)
           ^^^^^^^^^^^^^^^^^^^^^^^^^^^^^^
  File "C:\Users\sangouda\python_apps\Lib\asyncio\base_events.py", line 691, in run_until_complete
    return future.result()
           ^^^^^^^^^^^^^^^
  File "C:\Users\sangouda\python_apps\Lib\site-packages\nbclient\client.py", line 709, in async_execute
    await self.async_execute_cell(
  File "C:\Users\sangouda\python_apps\Lib\site-packages\nbclient\client.py", line 1062, in async_execute_cell
    await self._check_raise_for_error(cell, cell_index, exec_reply)
  File "C:\Users\sangouda\python_apps\Lib\site-packages\nbclient\client.py", line 918, in _check_raise_for_error
    raise CellExecutionError.from_cell_and_msg(cell, exec_reply_content)
nbclient.exceptions.CellExecutionError: An error occurred while executing the following cell:
------------------
# Set up a virtual display to render the Lunar Lander environment.
Display(visible=0, size=(840, 480)).start();

# Set the random seed for TensorFlow
tf.random.set_seed(utils.SEED)
------------------


[31m---------------------------------------------------------------------------[39m
[31mFileNotFoundError[39m                         Traceback (most recent call last)
[36mCell[39m[36m [39m[32mIn[3][39m[32m, line 2[39m
[32m      1[39m [38;5;66;03m# Set up a virtual display to render the Lunar Lander environment.[39;00m
[32m----> [39m[32m2[39m [43mDisplay[49m[43m([49m[43mvisible[49m[43m=[49m[32;43m0[39;49m[43m,[49m[43m [49m[43msize[49m[43m=[49m[43m([49m[32;43m840[39;49m[43m,[49m[43m [49m[32;43m480[39;49m[43m)[49m[43m)[49m.start();
[32m      4[39m [38;5;66;03m# Set the random seed for TensorFlow[39;00m
[32m      5[39m tf.random.set_seed(utils.SEED)

[36mFile [39m[32m~\python_apps\Lib\site-packages\pyvirtualdisplay\display.py:54[39m, in [36mDisplay.__init__[39m[34m(self, backend, visible, size, color_depth, bgcolor, use_xauth, retries, extra_args, manage_global_env, **kwargs)[39m
[32m     51[39m [38;5;28;01mif[39;00m [38;5;129;01mnot[39;00m [38;5;28mcls[39m:
[32m     52[39m     [38;5;28;01mraise[39;00m [38;5;167;01mValueError[39;00m([33m"[39m[33munknown backend: [39m[38;5;132;01m%s[39;00m[33m"[39m % [38;5;28mself[39m._backend)
[32m---> [39m[32m54[39m [38;5;28mself[39m._obj = [38;5;28;43mcls[39;49m[43m([49m
[32m     55[39m [43m    [49m[43msize[49m[43m=[49m[43msize[49m[43m,[49m
[32m     56[39m [43m    [49m[43mcolor_depth[49m[43m=[49m[43mcolor_depth[49m[43m,[49m
[32m     57[39m [43m    [49m[43mbgcolor[49m[43m=[49m[43mbgcolor[49m[43m,[49m
[32m     58[39m [43m    [49m[43mretries[49m[43m=[49m[43mretries[49m[43m,[49m
[32m     59[39m [43m    [49m[43muse_xauth[49m[43m=[49m[43muse_xauth[49m[43m,[49m
[32m     60[39m [43m    [49m[38;5;66;43;03m# check_startup=check_startup,[39;49;00m
[32m     61[39m [43m    [49m[43mextra_args[49m[43m=[49m[43mextra_args[49m[43m,[49m
[32m     62[39m [43m    [49m[43mmanage_global_env[49m[43m=[49m[43mmanage_global_env[49m[43m,[49m
[32m     63[39m [43m    [49m[43m*[49m[43m*[49m[43mkwargs[49m
[32m     64[39m [43m[49m[43m)[49m

[36mFile [39m[32m~\python_apps\Lib\site-packages\pyvirtualdisplay\xvfb.py:44[39m, in [36mXvfbDisplay.__init__[39m[34m(self, size, color_depth, bgcolor, use_xauth, fbdir, dpi, retries, extra_args, manage_global_env)[39m
[32m     41[39m [38;5;28mself[39m._fbdir = fbdir
[32m     42[39m [38;5;28mself[39m._dpi = dpi
[32m---> [39m[32m44[39m [43mAbstractDisplay[49m[43m.[49m[34;43m__init__[39;49m[43m([49m
[32m     45[39m [43m    [49m[38;5;28;43mself[39;49m[43m,[49m
[32m     46[39m [43m    [49m[43mPROGRAM[49m[43m,[49m
[32m     47[39m [43m    [49m[43muse_xauth[49m[43m=[49m[43muse_xauth[49m[43m,[49m
[32m     48[39m [43m    [49m[43mretries[49m[43m=[49m[43mretries[49m[43m,[49m
[32m     49[39m [43m    [49m[43mextra_args[49m[43m=[49m[43mextra_args[49m[43m,[49m
[32m     50[39m [43m    [49m[43mmanage_global_env[49m[43m=[49m[43mmanage_global_env[49m[43m,[49m
[32m     51[39m [43m[49m[43m)[49m

[36mFile [39m[32m~\python_apps\Lib\site-packages\pyvirtualdisplay\abstractdisplay.py:85[39m, in [36mAbstractDisplay.__init__[39m[34m(self, program, use_xauth, retries, extra_args, manage_global_env)[39m
[32m     82[39m [38;5;28mself[39m._pipe_wfd = [38;5;28;01mNone[39;00m
[32m     83[39m [38;5;28mself[39m._retries_current = [32m0[39m
[32m---> [39m[32m85[39m helptext = [43mget_helptext[49m[43m([49m[43mprogram[49m[43m)[49m
[32m     86[39m [38;5;28mself[39m._has_displayfd = [33m"[39m[33m-displayfd[39m[33m"[39m [38;5;129;01min[39;00m helptext
[32m     87[39m [38;5;28;01mif[39;00m [38;5;129;01mnot[39;00m [38;5;28mself[39m._has_displayfd:

[36mFile [39m[32m~\python_apps\Lib\site-packages\pyvirtualdisplay\util.py:13[39m, in [36mget_helptext[39m[34m(program)[39m
[32m      6[39m cmd = [program, [33m"[39m[33m-help[39m[33m"[39m]
[32m      8[39m [38;5;66;03m# py3.7+[39;00m
[32m      9[39m [38;5;66;03m# p = subprocess.run(cmd, capture_output=True)[39;00m
[32m     10[39m [38;5;66;03m# stderr = p.stderr[39;00m
[32m     11[39m 
[32m     12[39m [38;5;66;03m# py3.6 also[39;00m
[32m---> [39m[32m13[39m p = [43msubprocess[49m[43m.[49m[43mPopen[49m[43m([49m
[32m     14[39m [43m    [49m[43mcmd[49m[43m,[49m
[32m     15[39m [43m    [49m[43mstdout[49m[43m=[49m[43msubprocess[49m[43m.[49m[43mPIPE[49m[43m,[49m
[32m     16[39m [43m    [49m[43mstderr[49m[43m=[49m[43msubprocess[49m[43m.[49m[43mPIPE[49m[43m,[49m
[32m     17[39m [43m    [49m[43mshell[49m[43m=[49m[38;5;28;43;01mFalse[39;49;00m[43m,[49m
[32m     18[39m [43m[49m[43m)[49m
[32m     19[39m _, stderr = p.communicate()
[32m     21[39m helptext = stderr.decode([33m"[39m[33mutf-8[39m[33m"[39m, [33m"[39m[33mignore[39m[33m"[39m)

[36mFile [39m[32m~\python_apps\Lib\subprocess.py:1026[39m, in [36mPopen.__init__[39m[34m(self, args, bufsize, executable, stdin, stdout, stderr, preexec_fn, close_fds, shell, cwd, env, universal_newlines, startupinfo, creationflags, restore_signals, start_new_session, pass_fds, user, group, extra_groups, encoding, errors, text, umask, pipesize, process_group)[39m
[32m   1022[39m         [38;5;28;01mif[39;00m [38;5;28mself[39m.text_mode:
[32m   1023[39m             [38;5;28mself[39m.stderr = io.TextIOWrapper([38;5;28mself[39m.stderr,
[32m   1024[39m                     encoding=encoding, errors=errors)
[32m-> [39m[32m1026[39m     [38;5;28;43mself[39;49m[43m.[49m[43m_execute_child[49m[43m([49m[43margs[49m[43m,[49m[43m [49m[43mexecutable[49m[43m,[49m[43m [49m[43mpreexec_fn[49m[43m,[49m[43m [49m[43mclose_fds[49m[43m,[49m
[32m   1027[39m [43m                        [49m[43mpass_fds[49m[43m,[49m[43m [49m[43mcwd[49m[43m,[49m[43m [49m[43menv[49m[43m,[49m
[32m   1028[39m [43m                        [49m[43mstartupinfo[49m[43m,[49m[43m [49m[43mcreationflags[49m[43m,[49m[43m [49m[43mshell[49m[43m,[49m
[32m   1029[39m [43m                        [49m[43mp2cread[49m[43m,[49m[43m [49m[43mp2cwrite[49m[43m,[49m
[32m   1030[39m [43m                        [49m[43mc2pread[49m[43m,[49m[43m [49m[43mc2pwrite[49m[43m,[49m
[32m   1031[39m [43m                        [49m[43merrread[49m[43m,[49m[43m [49m[43merrwrite[49m[43m,[49m
[32m   1032[39m [43m                        [49m[43mrestore_signals[49m[43m,[49m
[32m   1033[39m [43m                        [49m[43mgid[49m[43m,[49m[43m [49m[43mgids[49m[43m,[49m[43m [49m[43muid[49m[43m,[49m[43m [49m[43mumask[49m[43m,[49m
[32m   1034[39m [43m                        [49m[43mstart_new_session[49m[43m,[49m[43m [49m[43mprocess_group[49m[43m)[49m
[32m   1035[39m [38;5;28;01mexcept[39;00m:
[32m   1036[39m     [38;5;66;03m# Cleanup if the child failed starting.[39;00m
[32m   1037[39m     [38;5;28;01mfor[39;00m f [38;5;129;01min[39;00m [38;5;28mfilter[39m([38;5;28;01mNone[39;00m, ([38;5;28mself[39m.stdin, [38;5;28mself[39m.stdout, [38;5;28mself[39m.stderr)):

[36mFile [39m[32m~\python_apps\Lib\subprocess.py:1538[39m, in [36mPopen._execute_child[39m[34m(self, args, executable, preexec_fn, close_fds, pass_fds, cwd, env, startupinfo, creationflags, shell, p2cread, p2cwrite, c2pread, c2pwrite, errread, errwrite, unused_restore_signals, unused_gid, unused_gids, unused_uid, unused_umask, unused_start_new_session, unused_process_group)[39m
[32m   1536[39m [38;5;66;03m# Start the process[39;00m
[32m   1537[39m [38;5;28;01mtry[39;00m:
[32m-> [39m[32m1538[39m     hp, ht, pid, tid = [43m_winapi[49m[43m.[49m[43mCreateProcess[49m[43m([49m[43mexecutable[49m[43m,[49m[43m [49m[43margs[49m[43m,[49m
[32m   1539[39m [43m                             [49m[38;5;66;43;03m# no special security[39;49;00m
[32m   1540[39m [43m                             [49m[38;5;28;43;01mNone[39;49;00m[43m,[49m[43m [49m[38;5;28;43;01mNone[39;49;00m[43m,[49m
[32m   1541[39m [43m                             [49m[38;5;28;43mint[39;49m[43m([49m[38;5;129;43;01mnot[39;49;00m[43m [49m[43mclose_fds[49m[43m)[49m[43m,[49m
[32m   1542[39m [43m                             [49m[43mcreationflags[49m[43m,[49m
[32m   1543[39m [43m                             [49m[43menv[49m[43m,[49m
[32m   1544[39m [43m                             [49m[43mcwd[49m[43m,[49m
[32m   1545[39m [43m                             [49m[43mstartupinfo[49m[43m)[49m
[32m   1546[39m [38;5;28;01mfinally[39;00m:
[32m   1547[39m     [38;5;66;03m# Child is launched. Close the parent's copy of those pipe[39;00m
[32m   1548[39m     [38;5;66;03m# handles that only the child should have open.  You need[39;00m
[32m   (...)[39m[32m   1551[39m     [38;5;66;03m# pipe will not close when the child process exits and the[39;00m
[32m   1552[39m     [38;5;66;03m# ReadFile will hang.[39;00m
[32m   1553[39m     [38;5;28mself[39m._close_pipe_fds(p2cread, p2cwrite,
[32m   1554[39m                          c2pread, c2pwrite,
[32m   1555[39m                          errread, errwrite)

[31mFileNotFoundError[39m: [WinError 2] The system cannot find the file specified

