Traceback (most recent call last):
  File "C:\Users\sangouda\python_apps\Lib\site-packages\jupyter_cache\executors\utils.py", line 58, in single_nb_execution
    executenb(
  File "C:\Users\sangouda\python_apps\Lib\site-packages\nbclient\client.py", line 1319, in execute
    return NotebookClient(nb=nb, resources=resources, km=km, **kwargs).execute()
           ^^^^^^^^^^^^^^^^^^^^^^^^^^^^^^^^^^^^^^^^^^^^^^^^^^^^^^^^^^^^^^^^^^^^^
  File "C:\Users\sangouda\python_apps\Lib\site-packages\jupyter_core\utils\__init__.py", line 165, in wrapped
    return loop.run_until_complete(inner)
           ^^^^^^^^^^^^^^^^^^^^^^^^^^^^^^
  File "C:\Users\sangouda\python_apps\Lib\asyncio\base_events.py", line 691, in run_until_complete
    return future.result()
           ^^^^^^^^^^^^^^^
  File "C:\Users\sangouda\python_apps\Lib\site-packages\nbclient\client.py", line 709, in async_execute
    await self.async_execute_cell(
  File "C:\Users\sangouda\python_apps\Lib\site-packages\nbclient\client.py", line 1062, in async_execute_cell
    await self._check_raise_for_error(cell, cell_index, exec_reply)
  File "C:\Users\sangouda\python_apps\Lib\site-packages\nbclient\client.py", line 918, in _check_raise_for_error
    raise CellExecutionError.from_cell_and_msg(cell, exec_reply_content)
nbclient.exceptions.CellExecutionError: An error occurred while executing the following cell:
------------------
import gym

# Create environment
env = gym.make("CartPole-v1", render_mode="human")  # CartPole environment

# Reset environment to start state
state = env.reset()
done = False
total_reward = 0

while not done:
    env.render()  # Show the environment (window pop-up)
    
    # Agent selects an action (here random for demonstration)
    action = env.action_space.sample()
    
    # Take the action, get new state, reward, and done flag
    state, reward, done, info,_ = env.step(action)
    
    total_reward += reward

# env.close()
print("Total reward obtained:", total_reward)

------------------

----- stderr -----
Gym has been unmaintained since 2022 and does not support NumPy 2.0 amongst other critical functionality.
Please upgrade to Gymnasium, the maintained drop-in replacement of Gym, or contact the authors of your software and request that they upgrade.
Users of this version of Gym should be able to simply replace 'import gym' with 'import gymnasium as gym' in the vast majority of cases.
See the migration guide at https://gymnasium.farama.org/introduction/migration_guide/ for additional information.
----- stderr -----
C:\Users\sangouda\python_apps\Lib\site-packages\pygame\pkgdata.py:25: UserWarning: pkg_resources is deprecated as an API. See https://setuptools.pypa.io/en/latest/pkg_resources.html. The pkg_resources package is slated for removal as early as 2025-11-30. Refrain from using this package or pin to Setuptools<81.
  from pkg_resources import resource_stream, resource_exists
------------------

[31m---------------------------------------------------------------------------[39m
[31mAttributeError[39m                            Traceback (most recent call last)
[36mCell[39m[36m [39m[32mIn[7][39m[32m, line 18[39m
[32m     15[39m     action = env.action_space.sample()
[32m     17[39m     [38;5;66;03m# Take the action, get new state, reward, and done flag[39;00m
[32m---> [39m[32m18[39m     state, reward, done, info,_ = [43menv[49m[43m.[49m[43mstep[49m[43m([49m[43maction[49m[43m)[49m
[32m     20[39m     total_reward += reward
[32m     22[39m [38;5;66;03m# env.close()[39;00m

[36mFile [39m[32m~\python_apps\Lib\site-packages\gym\wrappers\time_limit.py:50[39m, in [36mTimeLimit.step[39m[34m(self, action)[39m
[32m     39[39m [38;5;28;01mdef[39;00m[38;5;250m [39m[34mstep[39m([38;5;28mself[39m, action):
[32m     40[39m [38;5;250m    [39m[33;03m"""Steps through the environment and if the number of steps elapsed exceeds ``max_episode_steps`` then truncate.[39;00m
[32m     41[39m 
[32m     42[39m [33;03m    Args:[39;00m
[32m   (...)[39m[32m     48[39m 
[32m     49[39m [33;03m    """[39;00m
[32m---> [39m[32m50[39m     observation, reward, terminated, truncated, info = [38;5;28;43mself[39;49m[43m.[49m[43menv[49m[43m.[49m[43mstep[49m[43m([49m[43maction[49m[43m)[49m
[32m     51[39m     [38;5;28mself[39m._elapsed_steps += [32m1[39m
[32m     53[39m     [38;5;28;01mif[39;00m [38;5;28mself[39m._elapsed_steps >= [38;5;28mself[39m._max_episode_steps:

[36mFile [39m[32m~\python_apps\Lib\site-packages\gym\wrappers\order_enforcing.py:37[39m, in [36mOrderEnforcing.step[39m[34m(self, action)[39m
[32m     35[39m [38;5;28;01mif[39;00m [38;5;129;01mnot[39;00m [38;5;28mself[39m._has_reset:
[32m     36[39m     [38;5;28;01mraise[39;00m ResetNeeded([33m"[39m[33mCannot call env.step() before calling env.reset()[39m[33m"[39m)
[32m---> [39m[32m37[39m [38;5;28;01mreturn[39;00m [38;5;28;43mself[39;49m[43m.[49m[43menv[49m[43m.[49m[43mstep[49m[43m([49m[43maction[49m[43m)[49m

[36mFile [39m[32m~\python_apps\Lib\site-packages\gym\wrappers\env_checker.py:37[39m, in [36mPassiveEnvChecker.step[39m[34m(self, action)[39m
[32m     35[39m [38;5;28;01mif[39;00m [38;5;28mself[39m.checked_step [38;5;129;01mis[39;00m [38;5;28;01mFalse[39;00m:
[32m     36[39m     [38;5;28mself[39m.checked_step = [38;5;28;01mTrue[39;00m
[32m---> [39m[32m37[39m     [38;5;28;01mreturn[39;00m [43menv_step_passive_checker[49m[43m([49m[38;5;28;43mself[39;49m[43m.[49m[43menv[49m[43m,[49m[43m [49m[43maction[49m[43m)[49m
[32m     38[39m [38;5;28;01melse[39;00m:
[32m     39[39m     [38;5;28;01mreturn[39;00m [38;5;28mself[39m.env.step(action)

[36mFile [39m[32m~\python_apps\Lib\site-packages\gym\utils\passive_env_checker.py:233[39m, in [36menv_step_passive_checker[39m[34m(env, action)[39m
[32m    230[39m obs, reward, terminated, truncated, info = result
[32m    232[39m [38;5;66;03m# np.bool is actual python bool not np boolean type, therefore bool_ or bool8[39;00m
[32m--> [39m[32m233[39m [38;5;28;01mif[39;00m [38;5;129;01mnot[39;00m [38;5;28misinstance[39m(terminated, ([38;5;28mbool[39m, [43mnp[49m[43m.[49m[43mbool8[49m)):
[32m    234[39m     logger.warn(
[32m    235[39m         [33mf[39m[33m"[39m[33mExpects `terminated` signal to be a boolean, actual type: [39m[38;5;132;01m{[39;00m[38;5;28mtype[39m(terminated)[38;5;132;01m}[39;00m[33m"[39m
[32m    236[39m     )
[32m    237[39m [38;5;28;01mif[39;00m [38;5;129;01mnot[39;00m [38;5;28misinstance[39m(truncated, ([38;5;28mbool[39m, np.bool8)):

[36mFile [39m[32m~\python_apps\Lib\site-packages\numpy\__init__.py:808[39m, in [36m__getattr__[39m[34m(attr)[39m
[32m    805[39m     [38;5;28;01mimport[39;00m[38;5;250m [39m[34;01mnumpy[39;00m[34;01m.[39;00m[34;01mchar[39;00m[38;5;250m [39m[38;5;28;01mas[39;00m[38;5;250m [39m[34;01mchar[39;00m
[32m    806[39m     [38;5;28;01mreturn[39;00m char.chararray
[32m--> [39m[32m808[39m [38;5;28;01mraise[39;00m [38;5;167;01mAttributeError[39;00m([33mf[39m[33m"[39m[33mmodule [39m[38;5;132;01m{[39;00m[34m__name__[39m[38;5;132;01m!r}[39;00m[33m has no attribute [39m[38;5;132;01m{[39;00mattr[38;5;132;01m!r}[39;00m[33m"[39m)

[31mAttributeError[39m: module 'numpy' has no attribute 'bool8'

