Traceback (most recent call last):
  File "C:\Users\sangouda\Python\Lib\site-packages\jupyter_core\utils\__init__.py", line 154, in wrapped
    asyncio.get_running_loop()
RuntimeError: no running event loop

During handling of the above exception, another exception occurred:

Traceback (most recent call last):
  File "C:\Users\sangouda\Python\Lib\site-packages\jupyter_cache\executors\utils.py", line 58, in single_nb_execution
    executenb(
  File "C:\Users\sangouda\Python\Lib\site-packages\nbclient\client.py", line 1319, in execute
    return NotebookClient(nb=nb, resources=resources, km=km, **kwargs).execute()
           ^^^^^^^^^^^^^^^^^^^^^^^^^^^^^^^^^^^^^^^^^^^^^^^^^^^^^^^^^^^^^^^^^^^^^
  File "C:\Users\sangouda\Python\Lib\site-packages\jupyter_core\utils\__init__.py", line 158, in wrapped
    return loop.run_until_complete(inner)
           ^^^^^^^^^^^^^^^^^^^^^^^^^^^^^^
  File "C:\Users\sangouda\Python\Lib\asyncio\base_events.py", line 654, in run_until_complete
    return future.result()
           ^^^^^^^^^^^^^^^
  File "C:\Users\sangouda\Python\Lib\site-packages\nbclient\client.py", line 709, in async_execute
    await self.async_execute_cell(
  File "C:\Users\sangouda\Python\Lib\site-packages\nbclient\client.py", line 1062, in async_execute_cell
    await self._check_raise_for_error(cell, cell_index, exec_reply)
  File "C:\Users\sangouda\Python\Lib\site-packages\nbclient\client.py", line 918, in _check_raise_for_error
    raise CellExecutionError.from_cell_and_msg(cell, exec_reply_content)
nbclient.exceptions.CellExecutionError: An error occurred while executing the following cell:
------------------
result = linear_function()
print(result)

assert type(result) == EagerTensor, "Use the TensorFlow API"
assert np.allclose(result, [[-2.15657382], [ 2.95891446], [-1.08926781], [-0.84538042]]), "Error"
print("\033[92mAll test passed")

------------------


[31m---------------------------------------------------------------------------[39m
[31mNameError[39m                                 Traceback (most recent call last)
[36mCell[39m[36m [39m[32mIn[16][39m[32m, line 1[39m
[32m----> [39m[32m1[39m result = [43mlinear_function[49m[43m([49m[43m)[49m
[32m      2[39m [38;5;28mprint[39m(result)
[32m      4[39m [38;5;28;01massert[39;00m [38;5;28mtype[39m(result) == EagerTensor, [33m"[39m[33mUse the TensorFlow API[39m[33m"[39m

[36mCell[39m[36m [39m[32mIn[15][39m[32m, line 29[39m, in [36mlinear_function[39m[34m()[39m
[32m     15[39m [38;5;250m[39m[33;03m"""[39;00m
[32m     16[39m [33;03mNote, to ensure that the "random" numbers generated match the expected results,[39;00m
[32m     17[39m [33;03mplease create the variables in the order given in the starting code below.[39;00m
[32m     18[39m [33;03m(Do not re-arrange the order).[39;00m
[32m     19[39m [33;03m"""[39;00m
[32m     20[39m [38;5;66;03m# (approx. 4 lines)[39;00m
[32m     21[39m [38;5;66;03m# X = ...[39;00m
[32m     22[39m [38;5;66;03m# W = ...[39;00m
[32m   (...)[39m[32m     27[39m 
[32m     28[39m [38;5;66;03m# YOUR CODE ENDS HERE[39;00m
[32m---> [39m[32m29[39m [38;5;28;01mreturn[39;00m [43mY[49m

[31mNameError[39m: name 'Y' is not defined

