Traceback (most recent call last):
  File "C:\Users\sangouda\python_apps\Lib\site-packages\jupyter_cache\executors\utils.py", line 58, in single_nb_execution
    executenb(
  File "C:\Users\sangouda\python_apps\Lib\site-packages\nbclient\client.py", line 1319, in execute
    return NotebookClient(nb=nb, resources=resources, km=km, **kwargs).execute()
           ^^^^^^^^^^^^^^^^^^^^^^^^^^^^^^^^^^^^^^^^^^^^^^^^^^^^^^^^^^^^^^^^^^^^^
  File "C:\Users\sangouda\python_apps\Lib\site-packages\jupyter_core\utils\__init__.py", line 165, in wrapped
    return loop.run_until_complete(inner)
           ^^^^^^^^^^^^^^^^^^^^^^^^^^^^^^
  File "C:\Users\sangouda\python_apps\Lib\asyncio\base_events.py", line 691, in run_until_complete
    return future.result()
           ^^^^^^^^^^^^^^^
  File "C:\Users\sangouda\python_apps\Lib\site-packages\nbclient\client.py", line 709, in async_execute
    await self.async_execute_cell(
  File "C:\Users\sangouda\python_apps\Lib\site-packages\nbclient\client.py", line 1062, in async_execute_cell
    await self._check_raise_for_error(cell, cell_index, exec_reply)
  File "C:\Users\sangouda\python_apps\Lib\site-packages\nbclient\client.py", line 918, in _check_raise_for_error
    raise CellExecutionError.from_cell_and_msg(cell, exec_reply_content)
nbclient.exceptions.CellExecutionError: An error occurred while executing the following cell:
------------------
# BEGIN UNIT TEST
tf.random.set_seed(10)
box_confidence = tf.random.normal([19, 19, 5, 1], mean=1, stddev=4, seed = 1)
boxes = tf.random.normal([19, 19, 5, 4], mean=1, stddev=4, seed = 1)
box_class_probs = tf.random.normal([19, 19, 5, 80], mean=1, stddev=4, seed = 1)
scores, boxes, classes = yolo_filter_boxes(boxes, box_confidence, box_class_probs, threshold = 0.5)

print("scores[2] = " + str(scores[2].numpy()))
print("boxes[2] = " + str(boxes[2].numpy()))
print("classes[2] = " + str(classes[2].numpy()))
print("scores.shape = " + str(scores.shape))
print("boxes.shape = " + str(boxes.shape))
print("classes.shape = " + str(classes.shape))

assert type(scores) == EagerTensor, "Use tensorflow functions"
assert type(boxes) == EagerTensor, "Use tensorflow functions"
assert type(classes) == EagerTensor, "Use tensorflow functions"

assert scores.shape == (1789,), "Wrong shape in scores"
assert boxes.shape == (1789, 4), "Wrong shape in boxes"
assert classes.shape == (1789,), "Wrong shape in classes"

assert np.isclose(scores[2].numpy(), 9.270486), "Values are wrong on scores"
assert np.allclose(boxes[2].numpy(), [4.6399336, 3.2303846, 4.431282, -2.202031]), "Values are wrong on boxes"
assert classes[2].numpy() == 8, "Values are wrong on classes"

print("\033[92m All tests passed!")
# END UNIT TEST
------------------


[31m---------------------------------------------------------------------------[39m
[31mTypeError[39m                                 Traceback (most recent call last)
[36mCell[39m[36m [39m[32mIn[4][39m[32m, line 8[39m
[32m      5[39m box_class_probs = tf.random.normal([[32m19[39m, [32m19[39m, [32m5[39m, [32m80[39m], mean=[32m1[39m, stddev=[32m4[39m, seed = [32m1[39m)
[32m      6[39m scores, boxes, classes = yolo_filter_boxes(boxes, box_confidence, box_class_probs, threshold = [32m0.5[39m)
[32m----> [39m[32m8[39m [38;5;28mprint[39m([33m"[39m[33mscores[2] = [39m[33m"[39m + [38;5;28mstr[39m([43mscores[49m[43m[[49m[32;43m2[39;49m[43m][49m.numpy()))
[32m      9[39m [38;5;28mprint[39m([33m"[39m[33mboxes[2] = [39m[33m"[39m + [38;5;28mstr[39m(boxes[[32m2[39m].numpy()))
[32m     10[39m [38;5;28mprint[39m([33m"[39m[33mclasses[2] = [39m[33m"[39m + [38;5;28mstr[39m(classes[[32m2[39m].numpy()))

[31mTypeError[39m: 'NoneType' object is not subscriptable

