Traceback (most recent call last):
  File "C:\Users\sangouda\Python\Lib\site-packages\jupyter_core\utils\__init__.py", line 154, in wrapped
    asyncio.get_running_loop()
RuntimeError: no running event loop

During handling of the above exception, another exception occurred:

Traceback (most recent call last):
  File "C:\Users\sangouda\Python\Lib\site-packages\jupyter_cache\executors\utils.py", line 58, in single_nb_execution
    executenb(
  File "C:\Users\sangouda\Python\Lib\site-packages\nbclient\client.py", line 1319, in execute
    return NotebookClient(nb=nb, resources=resources, km=km, **kwargs).execute()
           ^^^^^^^^^^^^^^^^^^^^^^^^^^^^^^^^^^^^^^^^^^^^^^^^^^^^^^^^^^^^^^^^^^^^^
  File "C:\Users\sangouda\Python\Lib\site-packages\jupyter_core\utils\__init__.py", line 158, in wrapped
    return loop.run_until_complete(inner)
           ^^^^^^^^^^^^^^^^^^^^^^^^^^^^^^
  File "C:\Users\sangouda\Python\Lib\asyncio\base_events.py", line 654, in run_until_complete
    return future.result()
           ^^^^^^^^^^^^^^^
  File "C:\Users\sangouda\Python\Lib\site-packages\nbclient\client.py", line 709, in async_execute
    await self.async_execute_cell(
  File "C:\Users\sangouda\Python\Lib\site-packages\nbclient\client.py", line 1062, in async_execute_cell
    await self._check_raise_for_error(cell, cell_index, exec_reply)
  File "C:\Users\sangouda\Python\Lib\site-packages\nbclient\client.py", line 918, in _check_raise_for_error
    raise CellExecutionError.from_cell_and_msg(cell, exec_reply_content)
nbclient.exceptions.CellExecutionError: An error occurred while executing the following cell:
------------------
# Note: You can edit this value
value = 0

print (f"sigmoid({value}) = {sigmoid(value)}")
------------------


[31m---------------------------------------------------------------------------[39m
[31mNameError[39m                                 Traceback (most recent call last)
[36mCell[39m[36m [39m[32mIn[8][39m[32m, line 4[39m
[32m      1[39m [38;5;66;03m# Note: You can edit this value[39;00m
[32m      2[39m value = [32m0[39m
[32m----> [39m[32m4[39m [38;5;28mprint[39m ([33mf[39m[33m"[39m[33msigmoid([39m[38;5;132;01m{[39;00mvalue[38;5;132;01m}[39;00m[33m) = [39m[38;5;132;01m{[39;00m[43msigmoid[49m[43m([49m[43mvalue[49m[43m)[49m[38;5;132;01m}[39;00m[33m"[39m)

[36mCell[39m[36m [39m[32mIn[7][39m[32m, line 20[39m, in [36msigmoid[39m[34m(z)[39m
[32m      5[39m [38;5;250m[39m[33;03m"""[39;00m
[32m      6[39m [33;03mCompute the sigmoid of z[39;00m
[32m      7[39m 
[32m   (...)[39m[32m     13[39m 
[32m     14[39m [33;03m"""[39;00m
[32m     16[39m [38;5;66;03m### START CODE HERE ### [39;00m
[32m     17[39m 
[32m     18[39m [38;5;66;03m### END SOLUTION ###  [39;00m
[32m---> [39m[32m20[39m [38;5;28;01mreturn[39;00m [43mg[49m

[31mNameError[39m: name 'g' is not defined

