Traceback (most recent call last):
  File "C:\Users\sangouda\Python\Lib\site-packages\jupyter_core\utils\__init__.py", line 154, in wrapped
    asyncio.get_running_loop()
RuntimeError: no running event loop

During handling of the above exception, another exception occurred:

Traceback (most recent call last):
  File "C:\Users\sangouda\Python\Lib\site-packages\jupyter_cache\executors\utils.py", line 58, in single_nb_execution
    executenb(
  File "C:\Users\sangouda\Python\Lib\site-packages\nbclient\client.py", line 1319, in execute
    return NotebookClient(nb=nb, resources=resources, km=km, **kwargs).execute()
           ^^^^^^^^^^^^^^^^^^^^^^^^^^^^^^^^^^^^^^^^^^^^^^^^^^^^^^^^^^^^^^^^^^^^^
  File "C:\Users\sangouda\Python\Lib\site-packages\jupyter_core\utils\__init__.py", line 158, in wrapped
    return loop.run_until_complete(inner)
           ^^^^^^^^^^^^^^^^^^^^^^^^^^^^^^
  File "C:\Users\sangouda\Python\Lib\asyncio\base_events.py", line 654, in run_until_complete
    return future.result()
           ^^^^^^^^^^^^^^^
  File "C:\Users\sangouda\Python\Lib\site-packages\nbclient\client.py", line 709, in async_execute
    await self.async_execute_cell(
  File "C:\Users\sangouda\Python\Lib\site-packages\nbclient\client.py", line 1062, in async_execute_cell
    await self._check_raise_for_error(cell, cell_index, exec_reply)
  File "C:\Users\sangouda\Python\Lib\site-packages\nbclient\client.py", line 918, in _check_raise_for_error
    raise CellExecutionError.from_cell_and_msg(cell, exec_reply_content)
nbclient.exceptions.CellExecutionError: An error occurred while executing the following cell:
------------------
w_in = np.zeros((1))
b_in = 0
plt.close('all') 
addpt = plt_one_addpt_onclick( x_train,y_train, w_in, b_in, logistic=False)
------------------


[31m---------------------------------------------------------------------------[39m
[31mAttributeError[39m                            Traceback (most recent call last)
[36mCell[39m[36m [39m[32mIn[4][39m[32m, line 4[39m
[32m      2[39m b_in = [32m0[39m
[32m      3[39m plt.close([33m'[39m[33mall[39m[33m'[39m) 
[32m----> [39m[32m4[39m addpt = [43mplt_one_addpt_onclick[49m[43m([49m[43m [49m[43mx_train[49m[43m,[49m[43my_train[49m[43m,[49m[43m [49m[43mw_in[49m[43m,[49m[43m [49m[43mb_in[49m[43m,[49m[43m [49m[43mlogistic[49m[43m=[49m[38;5;28;43;01mFalse[39;49;00m[43m)[49m

[36mFile [39m[32mC:\Github\Coursera_Materials\coursera_notes\MLS\C1_W3\plt_one_addpt_onclick.py:66[39m, in [36mplt_one_addpt_onclick.__init__[39m[34m(self, x, y, w, b, logistic)[39m
[32m     64[39m [38;5;28mself[39m.bthresh = CheckButtons(axthresh, ([33m'[39m[33mToggle 0.5 threshold (after regression)[39m[33m'[39m,))
[32m     65[39m [38;5;28mself[39m.bthresh.on_clicked([38;5;28mself[39m.thresh)
[32m---> [39m[32m66[39m [38;5;28;43mself[39;49m[43m.[49m[43mresize_sq[49m[43m([49m[38;5;28;43mself[39;49m[43m.[49m[43mbthresh[49m[43m)[49m

[36mFile [39m[32mC:\Github\Coursera_Materials\coursera_notes\MLS\C1_W3\plt_one_addpt_onclick.py:179[39m, in [36mplt_one_addpt_onclick.resize_sq[39m[34m(self, bcid)[39m
[32m    171[39m [38;5;250m[39m[33;03m""" resizes the check box """[39;00m
[32m    172[39m [38;5;66;03m#future reference[39;00m
[32m    173[39m [38;5;66;03m#print(f"width  : {bcid.rectangles[0].get_width()}")[39;00m
[32m    174[39m [38;5;66;03m#print(f"height : {bcid.rectangles[0].get_height()}")[39;00m
[32m    175[39m [38;5;66;03m#print(f"xy     : {bcid.rectangles[0].get_xy()}")[39;00m
[32m    176[39m [38;5;66;03m#print(f"bb     : {bcid.rectangles[0].get_bbox()}")[39;00m
[32m    177[39m [38;5;66;03m#print(f"points : {bcid.rectangles[0].get_bbox().get_points()}")  #[[xmin,ymin],[xmax,ymax]][39;00m
[32m--> [39m[32m179[39m h = [43mbcid[49m[43m.[49m[43mrectangles[49m[[32m0[39m].get_height()
[32m    180[39m bcid.rectangles[[32m0[39m].set_height([32m3[39m*h)
[32m    182[39m ymax = bcid.rectangles[[32m0[39m].get_bbox().y1

[31mAttributeError[39m: 'CheckButtons' object has no attribute 'rectangles'

