Traceback (most recent call last):
  File "C:\Users\sangouda\Python\Lib\site-packages\jupyter_core\utils\__init__.py", line 154, in wrapped
    asyncio.get_running_loop()
RuntimeError: no running event loop

During handling of the above exception, another exception occurred:

Traceback (most recent call last):
  File "C:\Users\sangouda\Python\Lib\site-packages\jupyter_cache\executors\utils.py", line 58, in single_nb_execution
    executenb(
  File "C:\Users\sangouda\Python\Lib\site-packages\nbclient\client.py", line 1319, in execute
    return NotebookClient(nb=nb, resources=resources, km=km, **kwargs).execute()
           ^^^^^^^^^^^^^^^^^^^^^^^^^^^^^^^^^^^^^^^^^^^^^^^^^^^^^^^^^^^^^^^^^^^^^
  File "C:\Users\sangouda\Python\Lib\site-packages\jupyter_core\utils\__init__.py", line 158, in wrapped
    return loop.run_until_complete(inner)
           ^^^^^^^^^^^^^^^^^^^^^^^^^^^^^^
  File "C:\Users\sangouda\Python\Lib\asyncio\base_events.py", line 654, in run_until_complete
    return future.result()
           ^^^^^^^^^^^^^^^
  File "C:\Users\sangouda\Python\Lib\site-packages\nbclient\client.py", line 709, in async_execute
    await self.async_execute_cell(
  File "C:\Users\sangouda\Python\Lib\site-packages\nbclient\client.py", line 1062, in async_execute_cell
    await self._check_raise_for_error(cell, cell_index, exec_reply)
  File "C:\Users\sangouda\Python\Lib\site-packages\nbclient\client.py", line 918, in _check_raise_for_error
    raise CellExecutionError.from_cell_and_msg(cell, exec_reply_content)
nbclient.exceptions.CellExecutionError: An error occurred while executing the following cell:
------------------
# UNQ_C2 (UNIQUE CELL IDENTIFIER, DO NOT EDIT)
# You do not have to input any code in this cell, but it is relevant to grading, so please do not change anything

# getting the training set:
X_train, Y_train = get_matrices(
    en_fr_train, fr_embeddings_subset, en_embeddings_subset)
------------------


[31m---------------------------------------------------------------------------[39m
[31mTypeError[39m                                 Traceback (most recent call last)
[36mCell[39m[36m [39m[32mIn[6][39m[32m, line 5[39m
[32m      1[39m [38;5;66;03m# UNQ_C2 (UNIQUE CELL IDENTIFIER, DO NOT EDIT)[39;00m
[32m      2[39m [38;5;66;03m# You do not have to input any code in this cell, but it is relevant to grading, so please do not change anything[39;00m
[32m      3[39m 
[32m      4[39m [38;5;66;03m# getting the training set:[39;00m
[32m----> [39m[32m5[39m X_train, Y_train = [43mget_matrices[49m[43m([49m
[32m      6[39m [43m    [49m[43men_fr_train[49m[43m,[49m[43m [49m[43mfr_embeddings_subset[49m[43m,[49m[43m [49m[43men_embeddings_subset[49m[43m)[49m

[36mCell[39m[36m [39m[32mIn[5][39m[32m, line 38[39m, in [36mget_matrices[39m[34m(en_fr, french_vecs, english_vecs)[39m
[32m     34[39m [38;5;66;03m# loop through all english, french word pairs in the english french dictionary[39;00m
[32m     35[39m [38;5;28;01mfor[39;00m en_word, fr_word [38;5;129;01min[39;00m en_fr.items():
[32m     36[39m 
[32m     37[39m     [38;5;66;03m# check that the french word has an embedding and that the english word has an embedding[39;00m
[32m---> [39m[32m38[39m     [38;5;28;01mif[39;00m [43mfr_word[49m[43m [49m[38;5;129;43;01min[39;49;00m[43m [49m[43mfrench_set[49m [38;5;129;01mand[39;00m en_word [38;5;129;01min[39;00m english_set:
[32m     39[39m 
[32m     40[39m         [38;5;66;03m# get the english embedding[39;00m
[32m     41[39m         en_vec = english_vecs[en_word]
[32m     43[39m         [38;5;66;03m# get the french embedding[39;00m

[31mTypeError[39m: argument of type 'NoneType' is not iterable

