Traceback (most recent call last):
  File "C:\Users\sangouda\Python\Lib\site-packages\jupyter_core\utils\__init__.py", line 154, in wrapped
    asyncio.get_running_loop()
RuntimeError: no running event loop

During handling of the above exception, another exception occurred:

Traceback (most recent call last):
  File "C:\Users\sangouda\Python\Lib\site-packages\jupyter_cache\executors\utils.py", line 58, in single_nb_execution
    executenb(
  File "C:\Users\sangouda\Python\Lib\site-packages\nbclient\client.py", line 1319, in execute
    return NotebookClient(nb=nb, resources=resources, km=km, **kwargs).execute()
           ^^^^^^^^^^^^^^^^^^^^^^^^^^^^^^^^^^^^^^^^^^^^^^^^^^^^^^^^^^^^^^^^^^^^^
  File "C:\Users\sangouda\Python\Lib\site-packages\jupyter_core\utils\__init__.py", line 158, in wrapped
    return loop.run_until_complete(inner)
           ^^^^^^^^^^^^^^^^^^^^^^^^^^^^^^
  File "C:\Users\sangouda\Python\Lib\asyncio\base_events.py", line 654, in run_until_complete
    return future.result()
           ^^^^^^^^^^^^^^^
  File "C:\Users\sangouda\Python\Lib\site-packages\nbclient\client.py", line 709, in async_execute
    await self.async_execute_cell(
  File "C:\Users\sangouda\Python\Lib\site-packages\nbclient\client.py", line 1062, in async_execute_cell
    await self._check_raise_for_error(cell, cell_index, exec_reply)
  File "C:\Users\sangouda\Python\Lib\site-packages\nbclient\client.py", line 918, in _check_raise_for_error
    raise CellExecutionError.from_cell_and_msg(cell, exec_reply_content)
nbclient.exceptions.CellExecutionError: An error occurred while executing the following cell:
------------------
# Check the function
# Construct a synthetic test case using numpy PRNG functions
np.random.seed(1)
# X input is 10 x 3 with ones for the bias terms
tmp_X = np.append(np.ones((10, 1)), np.random.rand(10, 2) * 2000, axis=1)
# Y Labels are 10 x 1
tmp_Y = (np.random.rand(10, 1) > 0.35).astype(float)

# Apply gradient descent
tmp_J, tmp_theta = gradientDescent(tmp_X, tmp_Y, np.zeros((3, 1)), 1e-8, 700)
print(f"The cost after training is {tmp_J:.8f}.")
print(f"The resulting vector of weights is {[round(t, 8) for t in np.squeeze(tmp_theta)]}")
------------------


[31m---------------------------------------------------------------------------[39m
[31mTypeError[39m                                 Traceback (most recent call last)
[36mCell[39m[36m [39m[32mIn[16][39m[32m, line 10[39m
[32m      7[39m tmp_Y = (np.random.rand([32m10[39m, [32m1[39m) > [32m0.35[39m).astype([38;5;28mfloat[39m)
[32m      9[39m [38;5;66;03m# Apply gradient descent[39;00m
[32m---> [39m[32m10[39m tmp_J, tmp_theta = [43mgradientDescent[49m[43m([49m[43mtmp_X[49m[43m,[49m[43m [49m[43mtmp_Y[49m[43m,[49m[43m [49m[43mnp[49m[43m.[49m[43mzeros[49m[43m([49m[43m([49m[32;43m3[39;49m[43m,[49m[43m [49m[32;43m1[39;49m[43m)[49m[43m)[49m[43m,[49m[43m [49m[32;43m1e-8[39;49m[43m,[49m[43m [49m[32;43m700[39;49m[43m)[49m
[32m     11[39m [38;5;28mprint[39m([33mf[39m[33m"[39m[33mThe cost after training is [39m[38;5;132;01m{[39;00mtmp_J[38;5;132;01m:[39;00m[33m.8f[39m[38;5;132;01m}[39;00m[33m.[39m[33m"[39m)
[32m     12[39m [38;5;28mprint[39m([33mf[39m[33m"[39m[33mThe resulting vector of weights is [39m[38;5;132;01m{[39;00m[[38;5;28mround[39m(t,[38;5;250m [39m[32m8[39m)[38;5;250m [39m[38;5;28;01mfor[39;00m[38;5;250m [39mt[38;5;250m [39m[38;5;129;01min[39;00m[38;5;250m [39mnp.squeeze(tmp_theta)][38;5;132;01m}[39;00m[33m"[39m)

[36mCell[39m[36m [39m[32mIn[15][39m[32m, line 34[39m, in [36mgradientDescent[39m[34m(x, y, theta, alpha, num_iters)[39m
[32m     31[39m     theta = [38;5;28;01mNone[39;00m
[32m     33[39m [38;5;66;03m### END CODE HERE ###[39;00m
[32m---> [39m[32m34[39m J = [38;5;28mfloat[39m(J)
[32m     35[39m [38;5;28;01mreturn[39;00m J, theta

[31mTypeError[39m: float() argument must be a string or a real number, not 'NoneType'

