Traceback (most recent call last):
  File "C:\Users\sangouda\Python\Lib\site-packages\jupyter_core\utils\__init__.py", line 154, in wrapped
    asyncio.get_running_loop()
RuntimeError: no running event loop

During handling of the above exception, another exception occurred:

Traceback (most recent call last):
  File "C:\Users\sangouda\Python\Lib\site-packages\jupyter_cache\executors\utils.py", line 58, in single_nb_execution
    executenb(
  File "C:\Users\sangouda\Python\Lib\site-packages\nbclient\client.py", line 1319, in execute
    return NotebookClient(nb=nb, resources=resources, km=km, **kwargs).execute()
           ^^^^^^^^^^^^^^^^^^^^^^^^^^^^^^^^^^^^^^^^^^^^^^^^^^^^^^^^^^^^^^^^^^^^^
  File "C:\Users\sangouda\Python\Lib\site-packages\jupyter_core\utils\__init__.py", line 158, in wrapped
    return loop.run_until_complete(inner)
           ^^^^^^^^^^^^^^^^^^^^^^^^^^^^^^
  File "C:\Users\sangouda\Python\Lib\asyncio\base_events.py", line 654, in run_until_complete
    return future.result()
           ^^^^^^^^^^^^^^^
  File "C:\Users\sangouda\Python\Lib\site-packages\nbclient\client.py", line 709, in async_execute
    await self.async_execute_cell(
  File "C:\Users\sangouda\Python\Lib\site-packages\nbclient\client.py", line 1062, in async_execute_cell
    await self._check_raise_for_error(cell, cell_index, exec_reply)
  File "C:\Users\sangouda\Python\Lib\site-packages\nbclient\client.py", line 918, in _check_raise_for_error
    raise CellExecutionError.from_cell_and_msg(cell, exec_reply_content)
nbclient.exceptions.CellExecutionError: An error occurred while executing the following cell:
------------------
# Tokenize example sentences in English and French, then get their embeddings
sentence_en = "The agreement on the European Economic Area was signed in August 1992 ."
tokenized_en = tokenize(sentence_en, en_words)
embedded_en = embed(tokenized_en, en_embeddings)

sentence_fr = "L accord sur la zone économique européenne a été signé en août 1992 ."
tokenized_fr = tokenize(sentence_fr, fr_words)
embedded_fr = embed(tokenized_fr, fr_embeddings)

# These weights indicate alignment between words in English and French
alignment = calculate_weights(embedded_fr, embedded_en)

# Visualize weights to check for alignment
fig, ax = plt.subplots(figsize=(7,7))
ax.imshow(alignment, cmap='gray')
ax.xaxis.tick_top()
ax.set_xticks(np.arange(alignment.shape[1]))
ax.set_xticklabels(sentence_en.split(" "), rotation=90, size=16);
ax.set_yticks(np.arange(alignment.shape[0]));
ax.set_yticklabels(sentence_fr.split(" "), size=16);
------------------


[31m---------------------------------------------------------------------------[39m
[31mAttributeError[39m                            Traceback (most recent call last)
[36mCell[39m[36m [39m[32mIn[4][39m[32m, line 11[39m
[32m      8[39m embedded_fr = embed(tokenized_fr, fr_embeddings)
[32m     10[39m [38;5;66;03m# These weights indicate alignment between words in English and French[39;00m
[32m---> [39m[32m11[39m alignment = [43mcalculate_weights[49m[43m([49m[43membedded_fr[49m[43m,[49m[43m [49m[43membedded_en[49m[43m)[49m
[32m     13[39m [38;5;66;03m# Visualize weights to check for alignment[39;00m
[32m     14[39m fig, ax = plt.subplots(figsize=([32m7[39m,[32m7[39m))

[36mCell[39m[36m [39m[32mIn[3][39m[32m, line 16[39m, in [36mcalculate_weights[39m[34m(queries, keys)[39m
[32m     13[39m dot = [38;5;28;01mNone[39;00m
[32m     14[39m weights = softmax(dot, axis=[32m1[39m)
[32m---> [39m[32m16[39m [38;5;28;01massert[39;00m [43mweights[49m[43m.[49m[43msum[49m(axis=[32m1[39m)[[32m0[39m] == [32m1[39m, [33m"[39m[33mEach row in weights must sum to 1[39m[33m"[39m
[32m     18[39m [38;5;66;03m# Replace pass with your code.[39;00m
[32m     19[39m [38;5;28;01mpass[39;00m

[31mAttributeError[39m: 'NoneType' object has no attribute 'sum'

