Traceback (most recent call last):
  File "C:\Users\sangouda\Python\Lib\site-packages\jupyter_core\utils\__init__.py", line 154, in wrapped
    asyncio.get_running_loop()
RuntimeError: no running event loop

During handling of the above exception, another exception occurred:

Traceback (most recent call last):
  File "C:\Users\sangouda\Python\Lib\site-packages\jupyter_cache\executors\utils.py", line 58, in single_nb_execution
    executenb(
  File "C:\Users\sangouda\Python\Lib\site-packages\nbclient\client.py", line 1319, in execute
    return NotebookClient(nb=nb, resources=resources, km=km, **kwargs).execute()
           ^^^^^^^^^^^^^^^^^^^^^^^^^^^^^^^^^^^^^^^^^^^^^^^^^^^^^^^^^^^^^^^^^^^^^
  File "C:\Users\sangouda\Python\Lib\site-packages\jupyter_core\utils\__init__.py", line 158, in wrapped
    return loop.run_until_complete(inner)
           ^^^^^^^^^^^^^^^^^^^^^^^^^^^^^^
  File "C:\Users\sangouda\Python\Lib\asyncio\base_events.py", line 654, in run_until_complete
    return future.result()
           ^^^^^^^^^^^^^^^
  File "C:\Users\sangouda\Python\Lib\site-packages\nbclient\client.py", line 709, in async_execute
    await self.async_execute_cell(
  File "C:\Users\sangouda\Python\Lib\site-packages\nbclient\client.py", line 1062, in async_execute_cell
    await self._check_raise_for_error(cell, cell_index, exec_reply)
  File "C:\Users\sangouda\Python\Lib\site-packages\nbclient\client.py", line 918, in _check_raise_for_error
    raise CellExecutionError.from_cell_and_msg(cell, exec_reply_content)
nbclient.exceptions.CellExecutionError: An error occurred while executing the following cell:
------------------
import numpy as np                  # import numpy to make numerical computations.
import nltk                         # import NLTK to handle simple NL tasks like tokenization.
nltk.download("punkt")
from nltk.util import ngrams
from collections import Counter     # import a counter.
!pip3 install 'sacrebleu'           # install the sacrebleu package.
import sacrebleu                    # import sacrebleu in order compute the BLEU score.
import matplotlib.pyplot as plt     # import pyplot in order to make some illustrations.
------------------

----- stderr -----
[nltk_data] Error loading punkt: <urlopen error [Errno 11001]
[nltk_data]     getaddrinfo failed>
----- stderr -----
ERROR: Invalid requirement: "'sacrebleu'": Expected package name at the start of dependency specifier
    'sacrebleu'
    ^
------------------

[31m---------------------------------------------------------------------------[39m
[31mModuleNotFoundError[39m                       Traceback (most recent call last)
[36mCell[39m[36m [39m[32mIn[1][39m[32m, line 7[39m
[32m      5[39m [38;5;28;01mfrom[39;00m[38;5;250m [39m[34;01mcollections[39;00m[38;5;250m [39m[38;5;28;01mimport[39;00m Counter     [38;5;66;03m# import a counter.[39;00m
[32m      6[39m get_ipython().system([33m"[39m[33mpip3 install [39m[33m'[39m[33msacrebleu[39m[33m'[39m[33m           # install the sacrebleu package.[39m[33m"[39m)
[32m----> [39m[32m7[39m [38;5;28;01mimport[39;00m[38;5;250m [39m[34;01msacrebleu[39;00m                    [38;5;66;03m# import sacrebleu in order compute the BLEU score.[39;00m
[32m      8[39m [38;5;28;01mimport[39;00m[38;5;250m [39m[34;01mmatplotlib[39;00m[34;01m.[39;00m[34;01mpyplot[39;00m[38;5;250m [39m[38;5;28;01mas[39;00m[38;5;250m [39m[34;01mplt[39;00m     [38;5;66;03m# import pyplot in order to make some illustrations.[39;00m

[31mModuleNotFoundError[39m: No module named 'sacrebleu'

