Traceback (most recent call last):
  File "C:\Users\sangouda\Python\Lib\site-packages\jupyter_core\utils\__init__.py", line 154, in wrapped
    asyncio.get_running_loop()
RuntimeError: no running event loop

During handling of the above exception, another exception occurred:

Traceback (most recent call last):
  File "C:\Users\sangouda\Python\Lib\site-packages\jupyter_cache\executors\utils.py", line 58, in single_nb_execution
    executenb(
  File "C:\Users\sangouda\Python\Lib\site-packages\nbclient\client.py", line 1319, in execute
    return NotebookClient(nb=nb, resources=resources, km=km, **kwargs).execute()
           ^^^^^^^^^^^^^^^^^^^^^^^^^^^^^^^^^^^^^^^^^^^^^^^^^^^^^^^^^^^^^^^^^^^^^
  File "C:\Users\sangouda\Python\Lib\site-packages\jupyter_core\utils\__init__.py", line 158, in wrapped
    return loop.run_until_complete(inner)
           ^^^^^^^^^^^^^^^^^^^^^^^^^^^^^^
  File "C:\Users\sangouda\Python\Lib\asyncio\base_events.py", line 654, in run_until_complete
    return future.result()
           ^^^^^^^^^^^^^^^
  File "C:\Users\sangouda\Python\Lib\site-packages\nbclient\client.py", line 709, in async_execute
    await self.async_execute_cell(
  File "C:\Users\sangouda\Python\Lib\site-packages\nbclient\client.py", line 1062, in async_execute_cell
    await self._check_raise_for_error(cell, cell_index, exec_reply)
  File "C:\Users\sangouda\Python\Lib\site-packages\nbclient\client.py", line 918, in _check_raise_for_error
    raise CellExecutionError.from_cell_and_msg(cell, exec_reply_content)
nbclient.exceptions.CellExecutionError: An error occurred while executing the following cell:
------------------
# Testing your function, note to make it more robust you can return the 5 most similar words.
get_country('Athens', 'Greece', 'Cairo', word_embeddings)
------------------


[31m-------------------------------------------------------------------------[39m
[31mTypeError[39m                               Traceback (most recent call last)
[36mCell[39m[36m [39m[32mIn[12][39m[32m, line 2[39m
[32m      1[39m [38;5;66;03m# Testing your function, note to make it more robust you can return the 5 most similar words.[39;00m
[32m----> [39m[32m2[39m [43mget_country[49m[43m([49m[33;43m'[39;49m[33;43mAthens[39;49m[33;43m'[39;49m[43m,[49m[43m [49m[33;43m'[39;49m[33;43mGreece[39;49m[33;43m'[39;49m[43m,[49m[43m [49m[33;43m'[39;49m[33;43mCairo[39;49m[33;43m'[39;49m[43m,[49m[43m [49m[43mword_embeddings[49m[43m)[49m

[36mCell[39m[36m [39m[32mIn[11][39m[32m, line 41[39m, in [36mget_country[39m[34m(city1, country1, city2, word_embeddings, cosine_similarity)[39m
[32m     37[39m [38;5;66;03m# loop through all words in the embeddings dictionary[39;00m
[32m     38[39m [38;5;28;01mfor[39;00m word [38;5;129;01min[39;00m word_embeddings.keys():
[32m     39[39m 
[32m     40[39m     [38;5;66;03m# first check that the word is not already in the 'group'[39;00m
[32m---> [39m[32m41[39m     [38;5;28;01mif[39;00m [43mword[49m[43m [49m[38;5;129;43;01mnot[39;49;00m[43m [49m[38;5;129;43;01min[39;49;00m[43m [49m[43mgroup[49m:
[32m     42[39m 
[32m     43[39m         [38;5;66;03m# get the word embedding[39;00m
[32m     44[39m         word_emb = [38;5;28;01mNone[39;00m
[32m     46[39m         [38;5;66;03m# calculate cosine similarity between embedding of country 2 and the word in the embeddings dictionary[39;00m

[31mTypeError[39m: argument of type 'NoneType' is not iterable

