Traceback (most recent call last):
  File "C:\Users\sangouda\Python\Lib\site-packages\jupyter_core\utils\__init__.py", line 154, in wrapped
    asyncio.get_running_loop()
RuntimeError: no running event loop

During handling of the above exception, another exception occurred:

Traceback (most recent call last):
  File "C:\Users\sangouda\Python\Lib\site-packages\jupyter_cache\executors\utils.py", line 58, in single_nb_execution
    executenb(
  File "C:\Users\sangouda\Python\Lib\site-packages\nbclient\client.py", line 1319, in execute
    return NotebookClient(nb=nb, resources=resources, km=km, **kwargs).execute()
           ^^^^^^^^^^^^^^^^^^^^^^^^^^^^^^^^^^^^^^^^^^^^^^^^^^^^^^^^^^^^^^^^^^^^^
  File "C:\Users\sangouda\Python\Lib\site-packages\jupyter_core\utils\__init__.py", line 158, in wrapped
    return loop.run_until_complete(inner)
           ^^^^^^^^^^^^^^^^^^^^^^^^^^^^^^
  File "C:\Users\sangouda\Python\Lib\asyncio\base_events.py", line 654, in run_until_complete
    return future.result()
           ^^^^^^^^^^^^^^^
  File "C:\Users\sangouda\Python\Lib\site-packages\nbclient\client.py", line 709, in async_execute
    await self.async_execute_cell(
  File "C:\Users\sangouda\Python\Lib\site-packages\nbclient\client.py", line 1062, in async_execute_cell
    await self._check_raise_for_error(cell, cell_index, exec_reply)
  File "C:\Users\sangouda\Python\Lib\site-packages\nbclient\client.py", line 918, in _check_raise_for_error
    raise CellExecutionError.from_cell_and_msg(cell, exec_reply_content)
nbclient.exceptions.CellExecutionError: An error occurred while executing the following cell:
------------------
# Example 2:

badmatrix = np.array([[1, 2], [3, 4], [5, 6, 7]]) # Define a matrix. Note the third row contains 3 elements
print(badmatrix) # Print the malformed matrix
print(badmatrix * 2) # It is supposed to scale the whole matrix
------------------


[31m-------------------------------------------------------------------------[39m
[31mValueError[39m                              Traceback (most recent call last)
[36mCell[39m[36m [39m[32mIn[8][39m[32m, line 3[39m
[32m      1[39m [38;5;66;03m# Example 2:[39;00m
[32m----> [39m[32m3[39m badmatrix = [43mnp[49m[43m.[49m[43marray[49m[43m([49m[43m[[49m[43m[[49m[32;43m1[39;49m[43m,[49m[43m [49m[32;43m2[39;49m[43m][49m[43m,[49m[43m [49m[43m[[49m[32;43m3[39;49m[43m,[49m[43m [49m[32;43m4[39;49m[43m][49m[43m,[49m[43m [49m[43m[[49m[32;43m5[39;49m[43m,[49m[43m [49m[32;43m6[39;49m[43m,[49m[43m [49m[32;43m7[39;49m[43m][49m[43m][49m[43m)[49m [38;5;66;03m# Define a matrix. Note the third row contains 3 elements[39;00m
[32m      4[39m [38;5;28mprint[39m(badmatrix) [38;5;66;03m# Print the malformed matrix[39;00m
[32m      5[39m [38;5;28mprint[39m(badmatrix * [32m2[39m) [38;5;66;03m# It is supposed to scale the whole matrix[39;00m

[31mValueError[39m: setting an array element with a sequence. The requested array has an inhomogeneous shape after 1 dimensions. The detected shape was (3,) + inhomogeneous part.

