Traceback (most recent call last):
  File "C:\Users\sangouda\Python\Lib\site-packages\jupyter_core\utils\__init__.py", line 154, in wrapped
    asyncio.get_running_loop()
RuntimeError: no running event loop

During handling of the above exception, another exception occurred:

Traceback (most recent call last):
  File "C:\Users\sangouda\Python\Lib\site-packages\jupyter_cache\executors\utils.py", line 58, in single_nb_execution
    executenb(
  File "C:\Users\sangouda\Python\Lib\site-packages\nbclient\client.py", line 1319, in execute
    return NotebookClient(nb=nb, resources=resources, km=km, **kwargs).execute()
           ^^^^^^^^^^^^^^^^^^^^^^^^^^^^^^^^^^^^^^^^^^^^^^^^^^^^^^^^^^^^^^^^^^^^^
  File "C:\Users\sangouda\Python\Lib\site-packages\jupyter_core\utils\__init__.py", line 158, in wrapped
    return loop.run_until_complete(inner)
           ^^^^^^^^^^^^^^^^^^^^^^^^^^^^^^
  File "C:\Users\sangouda\Python\Lib\asyncio\base_events.py", line 654, in run_until_complete
    return future.result()
           ^^^^^^^^^^^^^^^
  File "C:\Users\sangouda\Python\Lib\site-packages\nbclient\client.py", line 709, in async_execute
    await self.async_execute_cell(
  File "C:\Users\sangouda\Python\Lib\site-packages\nbclient\client.py", line 1062, in async_execute_cell
    await self._check_raise_for_error(cell, cell_index, exec_reply)
  File "C:\Users\sangouda\Python\Lib\site-packages\nbclient\client.py", line 918, in _check_raise_for_error
    raise CellExecutionError.from_cell_and_msg(cell, exec_reply_content)
nbclient.exceptions.CellExecutionError: An error occurred while executing the following cell:
------------------
plot_widget()
------------------


[31m---------------------------------------------------------------------------[39m
[31mImportError[39m                               Traceback (most recent call last)
[36mCell[39m[36m [39m[32mIn[19][39m[32m, line 1[39m
[32m----> [39m[32m1[39m [43mplot_widget[49m[43m([49m[43m)[49m

[36mFile [39m[32mC:\Github\Coursera_Materials\coursera_notes\MLS\C3_W2\pca_utils.py:316[39m, in [36mplot_widget[39m[34m()[39m
[32m    307[39m [38;5;66;03m#     projection_plot_1d = get_plane_base(orthogonal_to_line,n_line)[39;00m
[32m    308[39m [38;5;66;03m#     rhs_scatter.data_source.data['x'] = projection_plot_1d[:,0][39;00m
[32m    315[39m freq_slider = interactive(update, angle=([32m0[39m, [32m180[39m, [32m1[39m))        
[32m--> [39m[32m316[39m fig = [43mgo[49m[43m.[49m[43mFigureWidget[49m[43m([49m[43mdata[49m[43m [49m[43m=[49m[43m [49m[43mfinal_data[49m[43m [49m[43m)[49m.update_yaxes(scaleanchor = [33m'[39m[33mx[39m[33m'[39m, scaleratio= [32m1[39m, [38;5;28mrange[39m = [-[32m1[39m,[32m1[39m], visible=[38;5;28;01mFalse[39;00m).update_xaxes([38;5;28mrange[39m = [-[32m1.5[39m,[32m1.5[39m], visible=[38;5;28;01mFalse[39;00m)
[32m    317[39m rhs_fig = go.FigureWidget(data = rhs_line.data + rhs_scatter.data).update_yaxes(scaleanchor = [33m'[39m[33mx[39m[33m'[39m, scaleratio= [32m1[39m, [38;5;28mrange[39m = [-[32m1[39m,[32m1[39m], showgrid=[38;5;28;01mFalse[39;00m, visible=[38;5;28;01mFalse[39;00m).update_xaxes([38;5;28mrange[39m = [-[32m1.5[39m,[32m1.5[39m], showgrid=[38;5;28;01mFalse[39;00m, visible=[38;5;28;01mFalse[39;00m)
[32m    319[39m rhs_fig.update_layout([38;5;28mdict[39m(width = [32m500[39m, height = [32m400[39m, plot_bgcolor = [33m'[39m[33mrgba(0,0,0,0)[39m[33m'[39m, title=[33m"[39m[33mPCA Projection[39m[33m"[39m))

[36mFile [39m[32m~\Python\Lib\site-packages\plotly\missing_anywidget.py:13[39m, in [36mFigureWidget.__init__[39m[34m(self, *args, **kwargs)[39m
[32m     12[39m [38;5;28;01mdef[39;00m[38;5;250m [39m[34m__init__[39m([38;5;28mself[39m, *args, **kwargs):
[32m---> [39m[32m13[39m     [38;5;28;01mraise[39;00m [38;5;167;01mImportError[39;00m([33m"[39m[33mPlease install anywidget to use the FigureWidget class[39m[33m"[39m)

[31mImportError[39m: Please install anywidget to use the FigureWidget class

