Traceback (most recent call last):
  File "C:\Users\sangouda\Python\Lib\site-packages\jupyter_core\utils\__init__.py", line 154, in wrapped
    asyncio.get_running_loop()
RuntimeError: no running event loop

During handling of the above exception, another exception occurred:

Traceback (most recent call last):
  File "C:\Users\sangouda\Python\Lib\site-packages\jupyter_cache\executors\utils.py", line 58, in single_nb_execution
    executenb(
  File "C:\Users\sangouda\Python\Lib\site-packages\nbclient\client.py", line 1319, in execute
    return NotebookClient(nb=nb, resources=resources, km=km, **kwargs).execute()
           ^^^^^^^^^^^^^^^^^^^^^^^^^^^^^^^^^^^^^^^^^^^^^^^^^^^^^^^^^^^^^^^^^^^^^
  File "C:\Users\sangouda\Python\Lib\site-packages\jupyter_core\utils\__init__.py", line 158, in wrapped
    return loop.run_until_complete(inner)
           ^^^^^^^^^^^^^^^^^^^^^^^^^^^^^^
  File "C:\Users\sangouda\Python\Lib\asyncio\base_events.py", line 654, in run_until_complete
    return future.result()
           ^^^^^^^^^^^^^^^
  File "C:\Users\sangouda\Python\Lib\site-packages\nbclient\client.py", line 709, in async_execute
    await self.async_execute_cell(
  File "C:\Users\sangouda\Python\Lib\site-packages\nbclient\client.py", line 1062, in async_execute_cell
    await self._check_raise_for_error(cell, cell_index, exec_reply)
  File "C:\Users\sangouda\Python\Lib\site-packages\nbclient\client.py", line 918, in _check_raise_for_error
    raise CellExecutionError.from_cell_and_msg(cell, exec_reply_content)
nbclient.exceptions.CellExecutionError: An error occurred while executing the following cell:
------------------
vocab_size = 500
model_dimension = 128

# Define the LSTM model
LSTM = Sequential()
LSTM.add(layers.Embedding(input_dim=vocab_size, output_dim=model_dimension))
LSTM.add(layers.LSTM(units=model_dimension, return_sequences = True))
LSTM.add(layers.AveragePooling1D())
LSTM.add(layers.Lambda(lambda x: math.l2_normalize(x)))

input1 = layers.Input((None,))
input2 = layers.Input((None,))

# Concatenate two LSTMs together
conc = layers.Concatenate(axis=1)((LSTM(input1), LSTM(input2)))
    

# Use the Parallel combinator to create a Siamese model out of the LSTM 
Siamese = Model(inputs=(input1, input2), outputs=conc)

# Print the summary of the model
Siamese.summary()
------------------


[31m-------------------------------------------------------------------------[39m
[31mTypeError[39m                               Traceback (most recent call last)
[36mCell[39m[36m [39m[32mIn[2][39m[32m, line 8[39m
[32m      6[39m LSTM.add(layers.Embedding(input_dim=vocab_size, output_dim=model_dimension))
[32m      7[39m LSTM.add(layers.LSTM(units=model_dimension, return_sequences = [38;5;28;01mTrue[39;00m))
[32m----> [39m[32m8[39m LSTM.add([43mlayers[49m[43m.[49m[43mAveragePooling1D[49m[43m([49m[43m)[49m)
[32m      9[39m LSTM.add(layers.Lambda([38;5;28;01mlambda[39;00m x: math.l2_normalize(x)))
[32m     11[39m input1 = layers.Input(([38;5;28;01mNone[39;00m,))

[31mTypeError[39m: AveragePooling1D.__init__() missing 1 required positional argument: 'pool_size'

